[2026-09-11 17:20:21] production.ERROR: The C:\Users\BASMALA\OneDrive\Desktop\BookNest-Final-RuleBased-AI\booknest\bootstrap\cache directory must be present and writable. {"exception":"[object] (Exception(code: 0): The C:\\Users\\BASMALA\\OneDrive\\Desktop\\BookNest-Final-RuleBased-AI\\booknest\\bootstrap\\cache directory must be present and writable. at C:/Users/BASMALA/OneDrive/Desktop/BookNest-Final-RuleBased-AI/booknest/vendor/laravel/framework/src/Illuminate/Foundation/PackageManifest.php:179)
[stacktrace]
#0 C:/Users/BASMALA/OneDrive/Desktop/BookNest-Final-RuleBased-AI/booknest/vendor/laravel/framework/src/Illuminate/Foundation/PackageManifest.php(132): Illuminate/Foundation/PackageManifest->write()
#1 C:/Users/BASMALA/OneDrive/Desktop/BookNest-Final-RuleBased-AI/booknest/vendor/laravel/framework/src/Illuminate/Foundation/PackageManifest.php(108): Illuminate/Foundation/PackageManifest->build()
#2 C:/Users/BASMALA/OneDrive/Desktop/BookNest-Final-RuleBased-AI/booknest/vendor/laravel/framework/src/Illuminate/Foundation/PackageManifest.php(90): Illuminate/Foundation/PackageManifest->getManifest()
#3 C:/Users/BASMALA/OneDrive/Desktop/BookNest-Final-RuleBased-AI/booknest/vendor/laravel/framework/src/Illuminate/Foundation/PackageManifest.php(79): Illuminate/Foundation/PackageManifest->config()
#4 C:/Users/BASMALA/OneDrive/Desktop/BookNest-Final-RuleBased-AI/booknest/vendor/laravel/framework/src/Illuminate/Foundation/Bootstrap/RegisterFacades.php(26): Illuminate/Foundation/PackageManifest->aliases()
#5 C:/Users/BASMALA/OneDrive/Desktop/BookNest-Final-RuleBased-AI/booknest/vendor/laravel/framework/src/Illuminate/Foundation/Application.php(342): Illuminate/Foundation/Bootstrap/RegisterFacades->bootstrap()
#6 C:/Users/BASMALA/OneDrive/Desktop/BookNest-Final-RuleBased-AI/booknest/vendor/laravel/framework/src/Illuminate/Foundation/Console/Kernel.php(494): Illuminate/Foundation/Application->bootstrapWith()
#7 C:/Users/BASMALA/OneDrive/Desktop/BookNest-Final-RuleBased-AI/booknest/vendor/laravel/framework/src/Illuminate/Foundation/Console/Kernel.php(196): Illuminate/Foundation/Console/Kernel->bootstrap()
#8 C:/Users/BASMALA/OneDrive/Desktop/BookNest-Final-RuleBased-AI/booknest/artisan(20): Illuminate/Foundation/Console/Kernel->handle()
#9 {main}
"} 
[2026-09-11 17:21:15] production.ERROR: The C:\Users\BASMALA\OneDrive\Desktop\BookNest-Final-RuleBased-AI\booknest\bootstrap\cache directory must be present and writable. {"exception":"[object] (Exception(code: 0): The C:\\Users\\BASMALA\\OneDrive\\Desktop\\BookNest-Final-RuleBased-AI\\booknest\\bootstrap\\cache directory must be present and writable. at C:/Users/BASMALA/OneDrive/Desktop/BookNest-Final-RuleBased-AI/booknest/vendor/laravel/framework/src/Illuminate/Foundation/PackageManifest.php:179)
[stacktrace]
#0 C:/Users/BASMALA/OneDrive/Desktop/BookNest-Final-RuleBased-AI/booknest/vendor/laravel/framework/src/Illuminate/Foundation/PackageManifest.php(132): Illuminate/Foundation/PackageManifest->write()
#1 C:/Users/BASMALA/OneDrive/Desktop/BookNest-Final-RuleBased-AI/booknest/vendor/laravel/framework/src/Illuminate/Foundation/PackageManifest.php(108): Illuminate/Foundation/PackageManifest->build()
#2 C:/Users/BASMALA/OneDrive/Desktop/BookNest-Final-RuleBased-AI/booknest/vendor/laravel/framework/src/Illuminate/Foundation/PackageManifest.php(90): Illuminate/Foundation/PackageManifest->getManifest()
#3 C:/Users/BASMALA/OneDrive/Desktop/BookNest-Final-RuleBased-AI/booknest/vendor/laravel/framework/src/Illuminate/Foundation/PackageManifest.php(79): Illuminate/Foundation/PackageManifest->config()
#4 C:/Users/BASMALA/OneDrive/Desktop/BookNest-Final-RuleBased-AI/booknest/vendor/laravel/framework/src/Illuminate/Foundation/Bootstrap/RegisterFacades.php(26): Illuminate/Foundation/PackageManifest->aliases()
#5 C:/Users/BASMALA/OneDrive/Desktop/BookNest-Final-RuleBased-AI/booknest/vendor/laravel/framework/src/Illuminate/Foundation/Application.php(342): Illuminate/Foundation/Bootstrap/RegisterFacades->bootstrap()
#6 C:/Users/BASMALA/OneDrive/Desktop/BookNest-Final-RuleBased-AI/booknest/vendor/laravel/framework/src/Illuminate/Foundation/Console/Kernel.php(494): Illuminate/Foundation/Application->bootstrapWith()
#7 C:/Users/BASMALA/OneDrive/Desktop/BookNest-Final-RuleBased-AI/booknest/vendor/laravel/framework/src/Illuminate/Foundation/Console/Kernel.php(196): Illuminate/Foundation/Console/Kernel->bootstrap()
#8 C:/Users/BASMALA/OneDrive/Desktop/BookNest-Final-RuleBased-AI/booknest/artisan(20): Illuminate/Foundation/Console/Kernel->handle()
#9 {main}
"} 
[2026-09-11 17:22:26] production.ERROR: Invalid route action: [App\Http\Controllers\User\RecommendationController]. {"exception":"[object] (UnexpectedValueException(code: 0): Invalid route action: [App\\Http\\Controllers\\User\\RecommendationController]. at C:/Users/BASMALA/OneDrive/Desktop/BookNest-Final-RuleBased-AI/booknest/vendor/laravel/framework/src/Illuminate/Routing/RouteAction.php:92)
[stacktrace]
#0 C:/Users/BASMALA/OneDrive/Desktop/BookNest-Final-RuleBased-AI/booknest/vendor/laravel/framework/src/Illuminate/Routing/RouteAction.php(47): Illuminate/Routing/RouteAction::makeInvokable()
#1 C:/Users/BASMALA/OneDrive/Desktop/BookNest-Final-RuleBased-AI/booknest/vendor/laravel/framework/src/Illuminate/Routing/Route.php(197): Illuminate/Routing/RouteAction::parse()
#2 C:/Users/BASMALA/OneDrive/Desktop/BookNest-Final-RuleBased-AI/booknest/vendor/laravel/framework/src/Illuminate/Routing/Route.php(178): Illuminate/Routing/Route->parseAction()
#3 C:/Users/BASMALA/OneDrive/Desktop/BookNest-Final-RuleBased-AI/booknest/vendor/laravel/framework/src/Illuminate/Routing/Router.php(685): Illuminate/Routing/Route->__construct()
#4 C:/Users/BASMALA/OneDrive/Desktop/BookNest-Final-RuleBased-AI/booknest/vendor/laravel/framework/src/Illuminate/Routing/Router.php(576): Illuminate/Routing/Router->newRoute()
#5 C:/Users/BASMALA/OneDrive/Desktop/BookNest-Final-RuleBased-AI/booknest/vendor/laravel/framework/src/Illuminate/Routing/Router.php(556): Illuminate/Routing/Router->createRoute()
#6 C:/Users/BASMALA/OneDrive/Desktop/BookNest-Final-RuleBased-AI/booknest/vendor/laravel/framework/src/Illuminate/Routing/Router.php(160): Illuminate/Routing/Router->addRoute()
#7 C:/Users/BASMALA/OneDrive/Desktop/BookNest-Final-RuleBased-AI/booknest/vendor/laravel/framework/src/Illuminate/Support/Facades/Facade.php(363): Illuminate/Routing/Router->get()
#8 C:/Users/BASMALA/OneDrive/Desktop/BookNest-Final-RuleBased-AI/booknest/routes/web.php(49): Illuminate/Support/Facades/Facade::__callStatic()
#9 C:/Users/BASMALA/OneDrive/Desktop/BookNest-Final-RuleBased-AI/booknest/vendor/laravel/framework/src/Illuminate/Routing/Router.php(524): Illuminate/Routing/RouteFileRegistrar->{closure:C:/Users/BASMALA/OneDrive/Desktop/BookNest-Final-RuleBased-AI/booknest/routes/web.php:38}()
#10 C:/Users/BASMALA/OneDrive/Desktop/BookNest-Final-RuleBased-AI/booknest/vendor/laravel/framework/src/Illuminate/Routing/Router.php(480): Illuminate/Routing/Router->loadRoutes()
#11 C:/Users/BASMALA/OneDrive/Desktop/BookNest-Final-RuleBased-AI/booknest/vendor/laravel/framework/src/Illuminate/Routing/RouteRegistrar.php(212): Illuminate/Routing/Router->group()
#12 C:/Users/BASMALA/OneDrive/Desktop/BookNest-Final-RuleBased-AI/booknest/routes/web.php(38): Illuminate/Routing/RouteRegistrar->group()
#13 C:/Users/BASMALA/OneDrive/Desktop/BookNest-Final-RuleBased-AI/booknest/vendor/laravel/framework/src/Illuminate/Routing/RouteFileRegistrar.php(34): require('...')
#14 C:/Users/BASMALA/OneDrive/Desktop/BookNest-Final-RuleBased-AI/booknest/vendor/laravel/framework/src/Illuminate/Routing/Router.php(526): Illuminate/Routing/RouteFileRegistrar->register()
#15 C:/Users/BASMALA/OneDrive/Desktop/BookNest-Final-RuleBased-AI/booknest/vendor/laravel/framework/src/Illuminate/Routing/Router.php(480): Illuminate/Routing/Router->loadRoutes()
#16 C:/Users/BASMALA/OneDrive/Desktop/BookNest-Final-RuleBased-AI/booknest/vendor/laravel/framework/src/Illuminate/Routing/RouteRegistrar.php(212): Illuminate/Routing/Router->group()
#17 C:/Users/BASMALA/OneDrive/Desktop/BookNest-Final-RuleBased-AI/booknest/vendor/laravel/framework/src/Illuminate/Foundation/Configuration/ApplicationBuilder.php(248): Illuminate/Routing/RouteRegistrar->group()
#18 C:/Users/BASMALA/OneDrive/Desktop/BookNest-Final-RuleBased-AI/booknest/vendor/laravel/framework/src/Illuminate/Container/BoundMethod.php(36): Illuminate/Foundation/Configuration/ApplicationBuilder->{closure:Illuminate/Foundation/Configuration/ApplicationBuilder::buildRoutingCallback():205}()
#19 C:/Users/BASMALA/OneDrive/Desktop/BookNest-Final-RuleBased-AI/booknest/vendor/laravel/framework/src/Illuminate/Container/Util.php(43): Illuminate/Container/BoundMethod::{closure:Illuminate/Container/BoundMethod::call():35}()
#20 C:/Users/BASMALA/OneDrive/Desktop/BookNest-Final-RuleBased-AI/booknest/vendor/laravel/framework/src/Illuminate/Container/BoundMethod.php(84): Illuminate/Container/Util::unwrapIfClosure()
#21 C:/Users/BASMALA/OneDrive/Desktop/BookNest-Final-RuleBased-AI/booknest/vendor/laravel/framework/src/Illuminate/Container/BoundMethod.php(35): Illuminate/Container/BoundMethod::callBoundMethod()
#22 C:/Users/BASMALA/OneDrive/Desktop/BookNest-Final-RuleBased-AI/booknest/vendor/laravel/framework/src/Illuminate/Container/Container.php(799): Illuminate/Container/BoundMethod::call()
#23 C:/Users/BASMALA/OneDrive/Desktop/BookNest-Final-RuleBased-AI/booknest/vendor/laravel/framework/src/Illuminate/Foundation/Support/Providers/RouteServiceProvider.php(162): Illuminate/Container/Container->call()
#24 C:/Users/BASMALA/OneDrive/Desktop/BookNest-Final-RuleBased-AI/booknest/vendor/laravel/framework/src/Illuminate/Foundation/Support/Providers/RouteServiceProvider.php(59): Illuminate/Foundation/Support/Providers/RouteServiceProvider->loadRoutes()
#25 C:/Users/BASMALA/OneDrive/Desktop/BookNest-Final-RuleBased-AI/booknest/vendor/laravel/framework/src/Illuminate/Container/BoundMethod.php(36): Illuminate/Foundation/Support/Providers/RouteServiceProvider->{closure:Illuminate/Foundation/Support/Providers/RouteServiceProvider::register():53}()
#26 C:/Users/BASMALA/OneDrive/Desktop/BookNest-Final-RuleBased-AI/booknest/vendor/laravel/framework/src/Illuminate/Container/Util.php(43): Illuminate/Container/BoundMethod::{closure:Illuminate/Container/BoundMethod::call():35}()
#27 C:/Users/BASMALA/OneDrive/Desktop/BookNest-Final-RuleBased-AI/booknest/vendor/laravel/framework/src/Illuminate/Container/BoundMethod.php(84): Illuminate/Container/Util::unwrapIfClosure()
#28 C:/Users/BASMALA/OneDrive/Desktop/BookNest-Final-RuleBased-AI/booknest/vendor/laravel/framework/src/Illuminate/Container/BoundMethod.php(35): Illuminate/Container/BoundMethod::callBoundMethod()
#29 C:/Users/BASMALA/OneDrive/Desktop/BookNest-Final-RuleBased-AI/booknest/vendor/laravel/framework/src/Illuminate/Container/Container.php(799): Illuminate/Container/BoundMethod::call()
#30 C:/Users/BASMALA/OneDrive/Desktop/BookNest-Final-RuleBased-AI/booknest/vendor/laravel/framework/src/Illuminate/Support/ServiceProvider.php(150): Illuminate/Container/Container->call()
#31 C:/Users/BASMALA/OneDrive/Desktop/BookNest-Final-RuleBased-AI/booknest/vendor/laravel/framework/src/Illuminate/Foundation/Application.php(1154): Illuminate/Support/ServiceProvider->callBootedCallbacks()
#32 C:/Users/BASMALA/OneDrive/Desktop/BookNest-Final-RuleBased-AI/booknest/vendor/laravel/framework/src/Illuminate/Foundation/Application.php(1132): Illuminate/Foundation/Application->bootProvider()
#33 [internal function]: Illuminate/Foundation/Application->{closure:Illuminate/Foundation/Application::boot():1131}()
#34 C:/Users/BASMALA/OneDrive/Desktop/BookNest-Final-RuleBased-AI/booknest/vendor/laravel/framework/src/Illuminate/Foundation/Application.php(1131): array_walk()
#35 C:/Users/BASMALA/OneDrive/Desktop/BookNest-Final-RuleBased-AI/booknest/vendor/laravel/framework/src/Illuminate/Foundation/Bootstrap/BootProviders.php(17): Illuminate/Foundation/Application->boot()
#36 C:/Users/BASMALA/OneDrive/Desktop/BookNest-Final-RuleBased-AI/booknest/vendor/laravel/framework/src/Illuminate/Foundation/Application.php(342): Illuminate/Foundation/Bootstrap/BootProviders->bootstrap()
#37 C:/Users/BASMALA/OneDrive/Desktop/BookNest-Final-RuleBased-AI/booknest/vendor/laravel/framework/src/Illuminate/Foundation/Console/Kernel.php(494): Illuminate/Foundation/Application->bootstrapWith()
#38 C:/Users/BASMALA/OneDrive/Desktop/BookNest-Final-RuleBased-AI/booknest/vendor/laravel/framework/src/Illuminate/Foundation/Console/Kernel.php(196): Illuminate/Foundation/Console/Kernel->bootstrap()
#39 C:/Users/BASMALA/OneDrive/Desktop/BookNest-Final-RuleBased-AI/booknest/artisan(20): Illuminate/Foundation/Console/Kernel->handle()
#40 {main}
"} 
[2026-09-11 17:24:17] production.ERROR: SQLSTATE[HY000]: General error: 1 no such table: cache (Connection: sqlite, Database: C:\Users\BASMALA\OneDrive\Desktop\BookNest-Final-RuleBased-AI\booknest\database\database.sqlite, SQL: delete from "cache") {"exception":"[object] (Illuminate\\Database\\QueryException(code: HY000): SQLSTATE[HY000]: General error: 1 no such table: cache (Connection: sqlite, Database: C:\\Users\\BASMALA\\OneDrive\\Desktop\\BookNest-Final-RuleBased-AI\\booknest\\database\\database.sqlite, SQL: delete from \"cache\") at C:/Users/BASMALA/OneDrive/Desktop/BookNest-Final-RuleBased-AI/booknest/vendor/laravel/framework/src/Illuminate/Database/Connection.php:838)
[stacktrace]
#0 C:/Users/BASMALA/OneDrive/Desktop/BookNest-Final-RuleBased-AI/booknest/vendor/laravel/framework/src/Illuminate/Database/Connection.php(794): Illuminate/Database/Connection->runQueryCallback()
#1 C:/Users/BASMALA/OneDrive/Desktop/BookNest-Final-RuleBased-AI/booknest/vendor/laravel/framework/src/Illuminate/Database/Connection.php(597): Illuminate/Database/Connection->run()
#2 C:/Users/BASMALA/OneDrive/Desktop/BookNest-Final-RuleBased-AI/booknest/vendor/laravel/framework/src/Illuminate/Database/Connection.php(561): Illuminate/Database/Connection->affectingStatement()
#3 C:/Users/BASMALA/OneDrive/Desktop/BookNest-Final-RuleBased-AI/booknest/vendor/laravel/framework/src/Illuminate/Database/Query/Builder.php(4426): Illuminate/Database/Connection->delete()
#4 C:/Users/BASMALA/OneDrive/Desktop/BookNest-Final-RuleBased-AI/booknest/vendor/laravel/framework/src/Illuminate/Cache/DatabaseStore.php(433): Illuminate/Database/Query/Builder->delete()
#5 C:/Users/BASMALA/OneDrive/Desktop/BookNest-Final-RuleBased-AI/booknest/vendor/laravel/framework/src/Illuminate/Cache/Repository.php(979): Illuminate/Cache/DatabaseStore->flush()
#6 C:/Users/BASMALA/OneDrive/Desktop/BookNest-Final-RuleBased-AI/booknest/vendor/laravel/framework/src/Illuminate/Cache/Console/ClearCommand.php(68): Illuminate/Cache/Repository->__call()
#7 C:/Users/BASMALA/OneDrive/Desktop/BookNest-Final-RuleBased-AI/booknest/vendor/laravel/framework/src/Illuminate/Container/BoundMethod.php(36): Illuminate/Cache/Console/ClearCommand->handle()
#8 C:/Users/BASMALA/OneDrive/Desktop/BookNest-Final-RuleBased-AI/booknest/vendor/laravel/framework/src/Illuminate/Container/Util.php(43): Illuminate/Container/BoundMethod::{closure:Illuminate/Container/BoundMethod::call():35}()
#9 C:/Users/BASMALA/OneDrive/Desktop/BookNest-Final-RuleBased-AI/booknest/vendor/laravel/framework/src/Illuminate/Container/BoundMethod.php(96): Illuminate/Container/Util::unwrapIfClosure()
#10 C:/Users/BASMALA/OneDrive/Desktop/BookNest-Final-RuleBased-AI/booknest/vendor/laravel/framework/src/Illuminate/Container/BoundMethod.php(35): Illuminate/Container/BoundMethod::callBoundMethod()
#11 C:/Users/BASMALA/OneDrive/Desktop/BookNest-Final-RuleBased-AI/booknest/vendor/laravel/framework/src/Illuminate/Container/Container.php(799): Illuminate/Container/BoundMethod::call()
#12 C:/Users/BASMALA/OneDrive/Desktop/BookNest-Final-RuleBased-AI/booknest/vendor/laravel/framework/src/Illuminate/Console/Command.php(211): Illuminate/Container/Container->call()
#13 C:/Users/BASMALA/OneDrive/Desktop/BookNest-Final-RuleBased-AI/booknest/vendor/symfony/console/Command/Command.php(341): Illuminate/Console/Command->execute()
#14 C:/Users/BASMALA/OneDrive/Desktop/BookNest-Final-RuleBased-AI/booknest/vendor/laravel/framework/src/Illuminate/Console/Command.php(180): Symfony/Component/Console/Command/Command->run()
#15 C:/Users/BASMALA/OneDrive/Desktop/BookNest-Final-RuleBased-AI/booknest/vendor/symfony/console/Application.php(1117): Illuminate/Console/Command->run()
#16 C:/Users/BASMALA/OneDrive/Desktop/BookNest-Final-RuleBased-AI/booknest/vendor/symfony/console/Application.php(356): Symfony/Component/Console/Application->doRunCommand()
#17 C:/Users/BASMALA/OneDrive/Desktop/BookNest-Final-RuleBased-AI/booknest/vendor/symfony/console/Application.php(195): Symfony/Component/Console/Application->doRun()
#18 C:/Users/BASMALA/OneDrive/Desktop/BookNest-Final-RuleBased-AI/booknest/vendor/laravel/framework/src/Illuminate/Foundation/Console/Kernel.php(198): Symfony/Component/Console/Application->run()
#19 C:/Users/BASMALA/OneDrive/Desktop/BookNest-Final-RuleBased-AI/booknest/artisan(20): Illuminate/Foundation/Console/Kernel->handle()
#20 {main}

[previous exception] [object] (PDOException(code: HY000): SQLSTATE[HY000]: General error: 1 no such table: cache at C:/Users/BASMALA/OneDrive/Desktop/BookNest-Final-RuleBased-AI/booknest/vendor/laravel/framework/src/Illuminate/Database/Connection.php:605)
[stacktrace]
#0 C:/Users/BASMALA/OneDrive/Desktop/BookNest-Final-RuleBased-AI/booknest/vendor/laravel/framework/src/Illuminate/Database/Connection.php(605): PDO->prepare()
#1 C:/Users/BASMALA/OneDrive/Desktop/BookNest-Final-RuleBased-AI/booknest/vendor/laravel/framework/src/Illuminate/Database/Connection.php(827): Illuminate/Database/Connection->{closure:Illuminate/Database/Connection::affectingStatement():597}()
#2 C:/Users/BASMALA/OneDrive/Desktop/BookNest-Final-RuleBased-AI/booknest/vendor/laravel/framework/src/Illuminate/Database/Connection.php(794): Illuminate/Database/Connection->runQueryCallback()
#3 C:/Users/BASMALA/OneDrive/Desktop/BookNest-Final-RuleBased-AI/booknest/vendor/laravel/framework/src/Illuminate/Database/Connection.php(597): Illuminate/Database/Connection->run()
#4 C:/Users/BASMALA/OneDrive/Desktop/BookNest-Final-RuleBased-AI/booknest/vendor/laravel/framework/src/Illuminate/Database/Connection.php(561): Illuminate/Database/Connection->affectingStatement()
#5 C:/Users/BASMALA/OneDrive/Desktop/BookNest-Final-RuleBased-AI/booknest/vendor/laravel/framework/src/Illuminate/Database/Query/Builder.php(4426): Illuminate/Database/Connection->delete()
#6 C:/Users/BASMALA/OneDrive/Desktop/BookNest-Final-RuleBased-AI/booknest/vendor/laravel/framework/src/Illuminate/Cache/DatabaseStore.php(433): Illuminate/Database/Query/Builder->delete()
#7 C:/Users/BASMALA/OneDrive/Desktop/BookNest-Final-RuleBased-AI/booknest/vendor/laravel/framework/src/Illuminate/Cache/Repository.php(979): Illuminate/Cache/DatabaseStore->flush()
#8 C:/Users/BASMALA/OneDrive/Desktop/BookNest-Final-RuleBased-AI/booknest/vendor/laravel/framework/src/Illuminate/Cache/Console/ClearCommand.php(68): Illuminate/Cache/Repository->__call()
#9 C:/Users/BASMALA/OneDrive/Desktop/BookNest-Final-RuleBased-AI/booknest/vendor/laravel/framework/src/Illuminate/Container/BoundMethod.php(36): Illuminate/Cache/Console/ClearCommand->handle()
#10 C:/Users/BASMALA/OneDrive/Desktop/BookNest-Final-RuleBased-AI/booknest/vendor/laravel/framework/src/Illuminate/Container/Util.php(43): Illuminate/Container/BoundMethod::{closure:Illuminate/Container/BoundMethod::call():35}()
#11 C:/Users/BASMALA/OneDrive/Desktop/BookNest-Final-RuleBased-AI/booknest/vendor/laravel/framework/src/Illuminate/Container/BoundMethod.php(96): Illuminate/Container/Util::unwrapIfClosure()
#12 C:/Users/BASMALA/OneDrive/Desktop/BookNest-Final-RuleBased-AI/booknest/vendor/laravel/framework/src/Illuminate/Container/BoundMethod.php(35): Illuminate/Container/BoundMethod::callBoundMethod()
#13 C:/Users/BASMALA/OneDrive/Desktop/BookNest-Final-RuleBased-AI/booknest/vendor/laravel/framework/src/Illuminate/Container/Container.php(799): Illuminate/Container/BoundMethod::call()
#14 C:/Users/BASMALA/OneDrive/Desktop/BookNest-Final-RuleBased-AI/booknest/vendor/laravel/framework/src/Illuminate/Console/Command.php(211): Illuminate/Container/Container->call()
#15 C:/Users/BASMALA/OneDrive/Desktop/BookNest-Final-RuleBased-AI/booknest/vendor/symfony/console/Command/Command.php(341): Illuminate/Console/Command->execute()
#16 C:/Users/BASMALA/OneDrive/Desktop/BookNest-Final-RuleBased-AI/booknest/vendor/laravel/framework/src/Illuminate/Console/Command.php(180): Symfony/Component/Console/Command/Command->run()
#17 C:/Users/BASMALA/OneDrive/Desktop/BookNest-Final-RuleBased-AI/booknest/vendor/symfony/console/Application.php(1117): Illuminate/Console/Command->run()
#18 C:/Users/BASMALA/OneDrive/Desktop/BookNest-Final-RuleBased-AI/booknest/vendor/symfony/console/Application.php(356): Symfony/Component/Console/Application->doRunCommand()
#19 C:/Users/BASMALA/OneDrive/Desktop/BookNest-Final-RuleBased-AI/booknest/vendor/symfony/console/Application.php(195): Symfony/Component/Console/Application->doRun()
#20 C:/Users/BASMALA/OneDrive/Desktop/BookNest-Final-RuleBased-AI/booknest/vendor/laravel/framework/src/Illuminate/Foundation/Console/Kernel.php(198): Symfony/Component/Console/Application->run()
#21 C:/Users/BASMALA/OneDrive/Desktop/BookNest-Final-RuleBased-AI/booknest/artisan(20): Illuminate/Foundation/Console/Kernel->handle()
#22 {main}
"} 
[2026-09-11 17:26:25] production.ERROR: No application encryption key has been specified. {"exception":"[object] (Illuminate\\Encryption\\MissingAppKeyException(code: 0): No application encryption key has been specified. at C:/Users/BASMALA/OneDrive/Desktop/BookNest-Final-RuleBased-AI/booknest/vendor/laravel/framework/src/Illuminate/Encryption/EncryptionServiceProvider.php:83)
[stacktrace]
#0 C:/Users/BASMALA/OneDrive/Desktop/BookNest-Final-RuleBased-AI/booknest/vendor/laravel/framework/src/Illuminate/Support/helpers.php(393): Illuminate/Encryption/EncryptionServiceProvider->{closure:Illuminate/Encryption/EncryptionServiceProvider::key():81}()
#1 C:/Users/BASMALA/OneDrive/Desktop/BookNest-Final-RuleBased-AI/booknest/vendor/laravel/framework/src/Illuminate/Encryption/EncryptionServiceProvider.php(81): tap()
#2 C:/Users/BASMALA/OneDrive/Desktop/BookNest-Final-RuleBased-AI/booknest/vendor/laravel/framework/src/Illuminate/Encryption/EncryptionServiceProvider.php(64): Illuminate/Encryption/EncryptionServiceProvider->key()
#3 C:/Users/BASMALA/OneDrive/Desktop/BookNest-Final-RuleBased-AI/booknest/vendor/laravel/framework/src/Illuminate/Encryption/EncryptionServiceProvider.php(32): Illuminate/Encryption/EncryptionServiceProvider->parseKey()
#4 C:/Users/BASMALA/OneDrive/Desktop/BookNest-Final-RuleBased-AI/booknest/vendor/laravel/framework/src/Illuminate/Container/Container.php(1115): Illuminate/Encryption/EncryptionServiceProvider->{closure:Illuminate/Encryption/EncryptionServiceProvider::registerEncrypter():29}()
#5 C:/Users/BASMALA/OneDrive/Desktop/BookNest-Final-RuleBased-AI/booknest/vendor/laravel/framework/src/Illuminate/Container/Container.php(933): Illuminate/Container/Container->build()
#6 C:/Users/BASMALA/OneDrive/Desktop/BookNest-Final-RuleBased-AI/booknest/vendor/laravel/framework/src/Illuminate/Foundation/Application.php(1078): Illuminate/Container/Container->resolve()
#7 C:/Users/BASMALA/OneDrive/Desktop/BookNest-Final-RuleBased-AI/booknest/vendor/laravel/framework/src/Illuminate/Container/Container.php(864): Illuminate/Foundation/Application->resolve()
#8 C:/Users/BASMALA/OneDrive/Desktop/BookNest-Final-RuleBased-AI/booknest/vendor/laravel/framework/src/Illuminate/Foundation/Application.php(1058): Illuminate/Container/Container->make()
#9 C:/Users/BASMALA/OneDrive/Desktop/BookNest-Final-RuleBased-AI/booknest/vendor/laravel/framework/src/Illuminate/Container/Container.php(1336): Illuminate/Foundation/Application->make()
#10 C:/Users/BASMALA/OneDrive/Desktop/BookNest-Final-RuleBased-AI/booknest/vendor/laravel/framework/src/Illuminate/Container/Container.php(1237): Illuminate/Container/Container->resolveClass()
#11 C:/Users/BASMALA/OneDrive/Desktop/BookNest-Final-RuleBased-AI/booknest/vendor/laravel/framework/src/Illuminate/Container/Container.php(1162): Illuminate/Container/Container->resolveDependencies()
#12 C:/Users/BASMALA/OneDrive/Desktop/BookNest-Final-RuleBased-AI/booknest/vendor/laravel/framework/src/Illuminate/Container/Container.php(933): Illuminate/Container/Container->build()
#13 C:/Users/BASMALA/OneDrive/Desktop/BookNest-Final-RuleBased-AI/booknest/vendor/laravel/framework/src/Illuminate/Foundation/Application.php(1078): Illuminate/Container/Container->resolve()
#14 C:/Users/BASMALA/OneDrive/Desktop/BookNest-Final-RuleBased-AI/booknest/vendor/laravel/framework/src/Illuminate/Container/Container.php(864): Illuminate/Foundation/Application->resolve()
#15 C:/Users/BASMALA/OneDrive/Desktop/BookNest-Final-RuleBased-AI/booknest/vendor/laravel/framework/src/Illuminate/Foundation/Application.php(1058): Illuminate/Container/Container->make()
#16 C:/Users/BASMALA/OneDrive/Desktop/BookNest-Final-RuleBased-AI/booknest/vendor/laravel/framework/src/Illuminate/Pipeline/Pipeline.php(208): Illuminate/Foundation/Application->make()
#17 C:/Users/BASMALA/OneDrive/Desktop/BookNest-Final-RuleBased-AI/booknest/vendor/laravel/framework/src/Illuminate/Pipeline/Pipeline.php(137): Illuminate/Pipeline/Pipeline->{closure:{closure:Illuminate/Pipeline/Pipeline::carry():194}:195}()
#18 C:/Users/BASMALA/OneDrive/Desktop/BookNest-Final-RuleBased-AI/booknest/vendor/laravel/framework/src/Illuminate/Routing/Router.php(821): Illuminate/Pipeline/Pipeline->then()
#19 C:/Users/BASMALA/OneDrive/Desktop/BookNest-Final-RuleBased-AI/booknest/vendor/laravel/framework/src/Illuminate/Routing/Router.php(800): Illuminate/Routing/Router->runRouteWithinStack()
#20 C:/Users/BASMALA/OneDrive/Desktop/BookNest-Final-RuleBased-AI/booknest/vendor/laravel/framework/src/Illuminate/Routing/Router.php(764): Illuminate/Routing/Router->runRoute()
#21 C:/Users/BASMALA/OneDrive/Desktop/BookNest-Final-RuleBased-AI/booknest/vendor/laravel/framework/src/Illuminate/Routing/Router.php(753): Illuminate/Routing/Router->dispatchToRoute()
#22 C:/Users/BASMALA/OneDrive/Desktop/BookNest-Final-RuleBased-AI/booknest/vendor/laravel/framework/src/Illuminate/Foundation/Http/Kernel.php(200): Illuminate/Routing/Router->dispatch()
#23 C:/Users/BASMALA/OneDrive/Desktop/BookNest-Final-RuleBased-AI/booknest/vendor/laravel/framework/src/Illuminate/Pipeline/Pipeline.php(180): Illuminate/Foundation/Http/Kernel->{closure:Illuminate/Foundation/Http/Kernel::dispatchToRouter():197}()
#24 C:/Users/BASMALA/OneDrive/Desktop/BookNest-Final-RuleBased-AI/booknest/vendor/laravel/framework/src/Illuminate/Foundation/Http/Middleware/TransformsRequest.php(21): Illuminate/Pipeline/Pipeline->{closure:Illuminate/Pipeline/Pipeline::prepareDestination():178}()
#25 C:/Users/BASMALA/OneDrive/Desktop/BookNest-Final-RuleBased-AI/booknest/vendor/laravel/framework/src/Illuminate/Foundation/Http/Middleware/ConvertEmptyStringsToNull.php(31): Illuminate/Foundation/Http/Middleware/TransformsRequest->handle()
#26 C:/Users/BASMALA/OneDrive/Desktop/BookNest-Final-RuleBased-AI/booknest/vendor/laravel/framework/src/Illuminate/Pipeline/Pipeline.php(219): Illuminate/Foundation/Http/Middleware/ConvertEmptyStringsToNull->handle()
#27 C:/Users/BASMALA/OneDrive/Desktop/BookNest-Final-RuleBased-AI/booknest/vendor/laravel/framework/src/Illuminate/Foundation/Http/Middleware/TransformsRequest.php(21): Illuminate/Pipeline/Pipeline->{closure:{closure:Illuminate/Pipeline/Pipeline::carry():194}:195}()
#28 C:/Users/BASMALA/OneDrive/Desktop/BookNest-Final-RuleBased-AI/booknest/vendor/laravel/framework/src/Illuminate/Foundation/Http/Middleware/TrimStrings.php(51): Illuminate/Foundation/Http/Middleware/TransformsRequest->handle()
#29 C:/Users/BASMALA/OneDrive/Desktop/BookNest-Final-RuleBased-AI/booknest/vendor/laravel/framework/src/Illuminate/Pipeline/Pipeline.php(219): Illuminate/Foundation/Http/Middleware/TrimStrings->handle()
#30 C:/Users/BASMALA/OneDrive/Desktop/BookNest-Final-RuleBased-AI/booknest/vendor/laravel/framework/src/Illuminate/Http/Middleware/ValidatePostSize.php(27): Illuminate/Pipeline/Pipeline->{closure:{closure:Illuminate/Pipeline/Pipeline::carry():194}:195}()
#31 C:/Users/BASMALA/OneDrive/Desktop/BookNest-Final-RuleBased-AI/booknest/vendor/laravel/framework/src/Illuminate/Pipeline/Pipeline.php(219): Illuminate/Http/Middleware/ValidatePostSize->handle()
#32 C:/Users/BASMALA/OneDrive/Desktop/BookNest-Final-RuleBased-AI/booknest/vendor/laravel/framework/src/Illuminate/Foundation/Http/Middleware/PreventRequestsDuringMaintenance.php(109): Illuminate/Pipeline/Pipeline->{closure:{closure:Illuminate/Pipeline/Pipeline::carry():194}:195}()
#33 C:/Users/BASMALA/OneDrive/Desktop/BookNest-Final-RuleBased-AI/booknest/vendor/laravel/framework/src/Illuminate/Pipeline/Pipeline.php(219): Illuminate/Foundation/Http/Middleware/PreventRequestsDuringMaintenance->handle()
#34 C:/Users/BASMALA/OneDrive/Desktop/BookNest-Final-RuleBased-AI/booknest/vendor/laravel/framework/src/Illuminate/Http/Middleware/HandleCors.php(61): Illuminate/Pipeline/Pipeline->{closure:{closure:Illuminate/Pipeline/Pipeline::carry():194}:195}()
#35 C:/Users/BASMALA/OneDrive/Desktop/BookNest-Final-RuleBased-AI/booknest/vendor/laravel/framework/src/Illuminate/Pipeline/Pipeline.php(219): Illuminate/Http/Middleware/HandleCors->handle()
#36 C:/Users/BASMALA/OneDrive/Desktop/BookNest-Final-RuleBased-AI/booknest/vendor/laravel/framework/src/Illuminate/Http/Middleware/TrustProxies.php(58): Illuminate/Pipeline/Pipeline->{closure:{closure:Illuminate/Pipeline/Pipeline::carry():194}:195}()
#37 C:/Users/BASMALA/OneDrive/Desktop/BookNest-Final-RuleBased-AI/booknest/vendor/laravel/framework/src/Illuminate/Pipeline/Pipeline.php(219): Illuminate/Http/Middleware/TrustProxies->handle()
#38 C:/Users/BASMALA/OneDrive/Desktop/BookNest-Final-RuleBased-AI/booknest/vendor/laravel/framework/src/Illuminate/Foundation/Http/Middleware/InvokeDeferredCallbacks.php(22): Illuminate/Pipeline/Pipeline->{closure:{closure:Illuminate/Pipeline/Pipeline::carry():194}:195}()
#39 C:/Users/BASMALA/OneDrive/Desktop/BookNest-Final-RuleBased-AI/booknest/vendor/laravel/framework/src/Illuminate/Pipeline/Pipeline.php(219): Illuminate/Foundation/Http/Middleware/InvokeDeferredCallbacks->handle()
#40 C:/Users/BASMALA/OneDrive/Desktop/BookNest-Final-RuleBased-AI/booknest/vendor/laravel/framework/src/Illuminate/Http/Middleware/ValidatePathEncoding.php(26): Illuminate/Pipeline/Pipeline->{closure:{closure:Illuminate/Pipeline/Pipeline::carry():194}:195}()
#41 C:/Users/BASMALA/OneDrive/Desktop/BookNest-Final-RuleBased-AI/booknest/vendor/laravel/framework/src/Illuminate/Pipeline/Pipeline.php(219): Illuminate/Http/Middleware/ValidatePathEncoding->handle()
#42 C:/Users/BASMALA/OneDrive/Desktop/BookNest-Final-RuleBased-AI/booknest/vendor/laravel/framework/src/Illuminate/Pipeline/Pipeline.php(137): Illuminate/Pipeline/Pipeline->{closure:{closure:Illuminate/Pipeline/Pipeline::carry():194}:195}()
#43 C:/Users/BASMALA/OneDrive/Desktop/BookNest-Final-RuleBased-AI/booknest/vendor/laravel/framework/src/Illuminate/Foundation/Http/Kernel.php(175): Illuminate/Pipeline/Pipeline->then()
#44 C:/Users/BASMALA/OneDrive/Desktop/BookNest-Final-RuleBased-AI/booknest/vendor/laravel/framework/src/Illuminate/Foundation/Http/Kernel.php(144): Illuminate/Foundation/Http/Kernel->sendRequestThroughRouter()
#45 C:/Users/BASMALA/OneDrive/Desktop/BookNest-Final-RuleBased-AI/booknest/vendor/laravel/framework/src/Illuminate/Foundation/Application.php(1220): Illuminate/Foundation/Http/Kernel->handle()
#46 C:/Users/BASMALA/OneDrive/Desktop/BookNest-Final-RuleBased-AI/booknest/public/index.php(17): Illuminate/Foundation/Application->handleRequest()
#47 C:/Users/BASMALA/OneDrive/Desktop/BookNest-Final-RuleBased-AI/booknest/vendor/laravel/framework/src/Illuminate/Foundation/resources/server.php(23): require_once('...')
#48 {main}
"} 
[2026-09-11 17:26:25] production.ERROR: No application encryption key has been specified. {"exception":"[object] (Illuminate\\Encryption\\MissingAppKeyException(code: 0): No application encryption key has been specified. at C:/Users/BASMALA/OneDrive/Desktop/BookNest-Final-RuleBased-AI/booknest/vendor/laravel/framework/src/Illuminate/Encryption/EncryptionServiceProvider.php:83)
[stacktrace]
#0 C:/Users/BASMALA/OneDrive/Desktop/BookNest-Final-RuleBased-AI/booknest/vendor/laravel/framework/src/Illuminate/Support/helpers.php(393): Illuminate/Encryption/EncryptionServiceProvider->{closure:Illuminate/Encryption/EncryptionServiceProvider::key():81}()
#1 C:/Users/BASMALA/OneDrive/Desktop/BookNest-Final-RuleBased-AI/booknest/vendor/laravel/framework/src/Illuminate/Encryption/EncryptionServiceProvider.php(81): tap()
#2 C:/Users/BASMALA/OneDrive/Desktop/BookNest-Final-RuleBased-AI/booknest/vendor/laravel/framework/src/Illuminate/Encryption/EncryptionServiceProvider.php(64): Illuminate/Encryption/EncryptionServiceProvider->key()
#3 C:/Users/BASMALA/OneDrive/Desktop/BookNest-Final-RuleBased-AI/booknest/vendor/laravel/framework/src/Illuminate/Encryption/EncryptionServiceProvider.php(32): Illuminate/Encryption/EncryptionServiceProvider->parseKey()
#4 C:/Users/BASMALA/OneDrive/Desktop/BookNest-Final-RuleBased-AI/booknest/vendor/laravel/framework/src/Illuminate/Container/Container.php(1115): Illuminate/Encryption/EncryptionServiceProvider->{closure:Illuminate/Encryption/EncryptionServiceProvider::registerEncrypter():29}()
#5 C:/Users/BASMALA/OneDrive/Desktop/BookNest-Final-RuleBased-AI/booknest/vendor/laravel/framework/src/Illuminate/Container/Container.php(933): Illuminate/Container/Container->build()
#6 C:/Users/BASMALA/OneDrive/Desktop/BookNest-Final-RuleBased-AI/booknest/vendor/laravel/framework/src/Illuminate/Foundation/Application.php(1078): Illuminate/Container/Container->resolve()
#7 C:/Users/BASMALA/OneDrive/Desktop/BookNest-Final-RuleBased-AI/booknest/vendor/laravel/framework/src/Illuminate/Container/Container.php(864): Illuminate/Foundation/Application->resolve()
#8 C:/Users/BASMALA/OneDrive/Desktop/BookNest-Final-RuleBased-AI/booknest/vendor/laravel/framework/src/Illuminate/Foundation/Application.php(1058): Illuminate/Container/Container->make()
#9 C:/Users/BASMALA/OneDrive/Desktop/BookNest-Final-RuleBased-AI/booknest/vendor/laravel/framework/src/Illuminate/Container/Container.php(1336): Illuminate/Foundation/Application->make()
#10 C:/Users/BASMALA/OneDrive/Desktop/BookNest-Final-RuleBased-AI/booknest/vendor/laravel/framework/src/Illuminate/Container/Container.php(1237): Illuminate/Container/Container->resolveClass()
#11 C:/Users/BASMALA/OneDrive/Desktop/BookNest-Final-RuleBased-AI/booknest/vendor/laravel/framework/src/Illuminate/Container/Container.php(1162): Illuminate/Container/Container->resolveDependencies()
#12 C:/Users/BASMALA/OneDrive/Desktop/BookNest-Final-RuleBased-AI/booknest/vendor/laravel/framework/src/Illuminate/Container/Container.php(933): Illuminate/Container/Container->build()
#13 C:/Users/BASMALA/OneDrive/Desktop/BookNest-Final-RuleBased-AI/booknest/vendor/laravel/framework/src/Illuminate/Foundation/Application.php(1078): Illuminate/Container/Container->resolve()
#14 C:/Users/BASMALA/OneDrive/Desktop/BookNest-Final-RuleBased-AI/booknest/vendor/laravel/framework/src/Illuminate/Container/Container.php(864): Illuminate/Foundation/Application->resolve()
#15 C:/Users/BASMALA/OneDrive/Desktop/BookNest-Final-RuleBased-AI/booknest/vendor/laravel/framework/src/Illuminate/Foundation/Application.php(1058): Illuminate/Container/Container->make()
#16 C:/Users/BASMALA/OneDrive/Desktop/BookNest-Final-RuleBased-AI/booknest/vendor/laravel/framework/src/Illuminate/Foundation/Http/Kernel.php(257): Illuminate/Foundation/Application->make()
#17 C:/Users/BASMALA/OneDrive/Desktop/BookNest-Final-RuleBased-AI/booknest/vendor/laravel/framework/src/Illuminate/Foundation/Http/Kernel.php(215): Illuminate/Foundation/Http/Kernel->terminateMiddleware()
#18 C:/Users/BASMALA/OneDrive/Desktop/BookNest-Final-RuleBased-AI/booknest/vendor/laravel/framework/src/Illuminate/Foundation/Application.php(1222): Illuminate/Foundation/Http/Kernel->terminate()
#19 C:/Users/BASMALA/OneDrive/Desktop/BookNest-Final-RuleBased-AI/booknest/public/index.php(17): Illuminate/Foundation/Application->handleRequest()
#20 C:/Users/BASMALA/OneDrive/Desktop/BookNest-Final-RuleBased-AI/booknest/vendor/laravel/framework/src/Illuminate/Foundation/resources/server.php(23): require_once('...')
#21 {main}
"} 
[2026-09-11 17:26:44] production.ERROR: No application encryption key has been specified. {"exception":"[object] (Illuminate\\Encryption\\MissingAppKeyException(code: 0): No application encryption key has been specified. at C:/Users/BASMALA/OneDrive/Desktop/BookNest-Final-RuleBased-AI/booknest/vendor/laravel/framework/src/Illuminate/Encryption/EncryptionServiceProvider.php:83)
[stacktrace]
#0 C:/Users/BASMALA/OneDrive/Desktop/BookNest-Final-RuleBased-AI/booknest/vendor/laravel/framework/src/Illuminate/Support/helpers.php(393): Illuminate/Encryption/EncryptionServiceProvider->{closure:Illuminate/Encryption/EncryptionServiceProvider::key():81}()
#1 C:/Users/BASMALA/OneDrive/Desktop/BookNest-Final-RuleBased-AI/booknest/vendor/laravel/framework/src/Illuminate/Encryption/EncryptionServiceProvider.php(81): tap()
#2 C:/Users/BASMALA/OneDrive/Desktop/BookNest-Final-RuleBased-AI/booknest/vendor/laravel/framework/src/Illuminate/Encryption/EncryptionServiceProvider.php(64): Illuminate/Encryption/EncryptionServiceProvider->key()
#3 C:/Users/BASMALA/OneDrive/Desktop/BookNest-Final-RuleBased-AI/booknest/vendor/laravel/framework/src/Illuminate/Encryption/EncryptionServiceProvider.php(32): Illuminate/Encryption/EncryptionServiceProvider->parseKey()
#4 C:/Users/BASMALA/OneDrive/Desktop/BookNest-Final-RuleBased-AI/booknest/vendor/laravel/framework/src/Illuminate/Container/Container.php(1115): Illuminate/Encryption/EncryptionServiceProvider->{closure:Illuminate/Encryption/EncryptionServiceProvider::registerEncrypter():29}()
#5 C:/Users/BASMALA/OneDrive/Desktop/BookNest-Final-RuleBased-AI/booknest/vendor/laravel/framework/src/Illuminate/Container/Container.php(933): Illuminate/Container/Container->build()
#6 C:/Users/BASMALA/OneDrive/Desktop/BookNest-Final-RuleBased-AI/booknest/vendor/laravel/framework/src/Illuminate/Foundation/Application.php(1078): Illuminate/Container/Container->resolve()
#7 C:/Users/BASMALA/OneDrive/Desktop/BookNest-Final-RuleBased-AI/booknest/vendor/laravel/framework/src/Illuminate/Container/Container.php(864): Illuminate/Foundation/Application->resolve()
#8 C:/Users/BASMALA/OneDrive/Desktop/BookNest-Final-RuleBased-AI/booknest/vendor/laravel/framework/src/Illuminate/Foundation/Application.php(1058): Illuminate/Container/Container->make()
#9 C:/Users/BASMALA/OneDrive/Desktop/BookNest-Final-RuleBased-AI/booknest/vendor/laravel/framework/src/Illuminate/Container/Container.php(1336): Illuminate/Foundation/Application->make()
#10 C:/Users/BASMALA/OneDrive/Desktop/BookNest-Final-RuleBased-AI/booknest/vendor/laravel/framework/src/Illuminate/Container/Container.php(1237): Illuminate/Container/Container->resolveClass()
#11 C:/Users/BASMALA/OneDrive/Desktop/BookNest-Final-RuleBased-AI/booknest/vendor/laravel/framework/src/Illuminate/Container/Container.php(1162): Illuminate/Container/Container->resolveDependencies()
#12 C:/Users/BASMALA/OneDrive/Desktop/BookNest-Final-RuleBased-AI/booknest/vendor/laravel/framework/src/Illuminate/Container/Container.php(933): Illuminate/Container/Container->build()
#13 C:/Users/BASMALA/OneDrive/Desktop/BookNest-Final-RuleBased-AI/booknest/vendor/laravel/framework/src/Illuminate/Foundation/Application.php(1078): Illuminate/Container/Container->resolve()
#14 C:/Users/BASMALA/OneDrive/Desktop/BookNest-Final-RuleBased-AI/booknest/vendor/laravel/framework/src/Illuminate/Container/Container.php(864): Illuminate/Foundation/Application->resolve()
#15 C:/Users/BASMALA/OneDrive/Desktop/BookNest-Final-RuleBased-AI/booknest/vendor/laravel/framework/src/Illuminate/Foundation/Application.php(1058): Illuminate/Container/Container->make()
#16 C:/Users/BASMALA/OneDrive/Desktop/BookNest-Final-RuleBased-AI/booknest/vendor/laravel/framework/src/Illuminate/Pipeline/Pipeline.php(208): Illuminate/Foundation/Application->make()
#17 C:/Users/BASMALA/OneDrive/Desktop/BookNest-Final-RuleBased-AI/booknest/vendor/laravel/framework/src/Illuminate/Pipeline/Pipeline.php(137): Illuminate/Pipeline/Pipeline->{closure:{closure:Illuminate/Pipeline/Pipeline::carry():194}:195}()
#18 C:/Users/BASMALA/OneDrive/Desktop/BookNest-Final-RuleBased-AI/booknest/vendor/laravel/framework/src/Illuminate/Routing/Router.php(821): Illuminate/Pipeline/Pipeline->then()
#19 C:/Users/BASMALA/OneDrive/Desktop/BookNest-Final-RuleBased-AI/booknest/vendor/laravel/framework/src/Illuminate/Routing/Router.php(800): Illuminate/Routing/Router->runRouteWithinStack()
#20 C:/Users/BASMALA/OneDrive/Desktop/BookNest-Final-RuleBased-AI/booknest/vendor/laravel/framework/src/Illuminate/Routing/Router.php(764): Illuminate/Routing/Router->runRoute()
#21 C:/Users/BASMALA/OneDrive/Desktop/BookNest-Final-RuleBased-AI/booknest/vendor/laravel/framework/src/Illuminate/Routing/Router.php(753): Illuminate/Routing/Router->dispatchToRoute()
#22 C:/Users/BASMALA/OneDrive/Desktop/BookNest-Final-RuleBased-AI/booknest/vendor/laravel/framework/src/Illuminate/Foundation/Http/Kernel.php(200): Illuminate/Routing/Router->dispatch()
#23 C:/Users/BASMALA/OneDrive/Desktop/BookNest-Final-RuleBased-AI/booknest/vendor/laravel/framework/src/Illuminate/Pipeline/Pipeline.php(180): Illuminate/Foundation/Http/Kernel->{closure:Illuminate/Foundation/Http/Kernel::dispatchToRouter():197}()
#24 C:/Users/BASMALA/OneDrive/Desktop/BookNest-Final-RuleBased-AI/booknest/vendor/laravel/framework/src/Illuminate/Foundation/Http/Middleware/TransformsRequest.php(21): Illuminate/Pipeline/Pipeline->{closure:Illuminate/Pipeline/Pipeline::prepareDestination():178}()
#25 C:/Users/BASMALA/OneDrive/Desktop/BookNest-Final-RuleBased-AI/booknest/vendor/laravel/framework/src/Illuminate/Foundation/Http/Middleware/ConvertEmptyStringsToNull.php(31): Illuminate/Foundation/Http/Middleware/TransformsRequest->handle()
#26 C:/Users/BASMALA/OneDrive/Desktop/BookNest-Final-RuleBased-AI/booknest/vendor/laravel/framework/src/Illuminate/Pipeline/Pipeline.php(219): Illuminate/Foundation/Http/Middleware/ConvertEmptyStringsToNull->handle()
#27 C:/Users/BASMALA/OneDrive/Desktop/BookNest-Final-RuleBased-AI/booknest/vendor/laravel/framework/src/Illuminate/Foundation/Http/Middleware/TransformsRequest.php(21): Illuminate/Pipeline/Pipeline->{closure:{closure:Illuminate/Pipeline/Pipeline::carry():194}:195}()
#28 C:/Users/BASMALA/OneDrive/Desktop/BookNest-Final-RuleBased-AI/booknest/vendor/laravel/framework/src/Illuminate/Foundation/Http/Middleware/TrimStrings.php(51): Illuminate/Foundation/Http/Middleware/TransformsRequest->handle()
#29 C:/Users/BASMALA/OneDrive/Desktop/BookNest-Final-RuleBased-AI/booknest/vendor/laravel/framework/src/Illuminate/Pipeline/Pipeline.php(219): Illuminate/Foundation/Http/Middleware/TrimStrings->handle()
#30 C:/Users/BASMALA/OneDrive/Desktop/BookNest-Final-RuleBased-AI/booknest/vendor/laravel/framework/src/Illuminate/Http/Middleware/ValidatePostSize.php(27): Illuminate/Pipeline/Pipeline->{closure:{closure:Illuminate/Pipeline/Pipeline::carry():194}:195}()
#31 C:/Users/BASMALA/OneDrive/Desktop/BookNest-Final-RuleBased-AI/booknest/vendor/laravel/framework/src/Illuminate/Pipeline/Pipeline.php(219): Illuminate/Http/Middleware/ValidatePostSize->handle()
#32 C:/Users/BASMALA/OneDrive/Desktop/BookNest-Final-RuleBased-AI/booknest/vendor/laravel/framework/src/Illuminate/Foundation/Http/Middleware/PreventRequestsDuringMaintenance.php(109): Illuminate/Pipeline/Pipeline->{closure:{closure:Illuminate/Pipeline/Pipeline::carry():194}:195}()
#33 C:/Users/BASMALA/OneDrive/Desktop/BookNest-Final-RuleBased-AI/booknest/vendor/laravel/framework/src/Illuminate/Pipeline/Pipeline.php(219): Illuminate/Foundation/Http/Middleware/PreventRequestsDuringMaintenance->handle()
#34 C:/Users/BASMALA/OneDrive/Desktop/BookNest-Final-RuleBased-AI/booknest/vendor/laravel/framework/src/Illuminate/Http/Middleware/HandleCors.php(61): Illuminate/Pipeline/Pipeline->{closure:{closure:Illuminate/Pipeline/Pipeline::carry():194}:195}()
#35 C:/Users/BASMALA/OneDrive/Desktop/BookNest-Final-RuleBased-AI/booknest/vendor/laravel/framework/src/Illuminate/Pipeline/Pipeline.php(219): Illuminate/Http/Middleware/HandleCors->handle()
#36 C:/Users/BASMALA/OneDrive/Desktop/BookNest-Final-RuleBased-AI/booknest/vendor/laravel/framework/src/Illuminate/Http/Middleware/TrustProxies.php(58): Illuminate/Pipeline/Pipeline->{closure:{closure:Illuminate/Pipeline/Pipeline::carry():194}:195}()
#37 C:/Users/BASMALA/OneDrive/Desktop/BookNest-Final-RuleBased-AI/booknest/vendor/laravel/framework/src/Illuminate/Pipeline/Pipeline.php(219): Illuminate/Http/Middleware/TrustProxies->handle()
#38 C:/Users/BASMALA/OneDrive/Desktop/BookNest-Final-RuleBased-AI/booknest/vendor/laravel/framework/src/Illuminate/Foundation/Http/Middleware/InvokeDeferredCallbacks.php(22): Illuminate/Pipeline/Pipeline->{closure:{closure:Illuminate/Pipeline/Pipeline::carry():194}:195}()
#39 C:/Users/BASMALA/OneDrive/Desktop/BookNest-Final-RuleBased-AI/booknest/vendor/laravel/framework/src/Illuminate/Pipeline/Pipeline.php(219): Illuminate/Foundation/Http/Middleware/InvokeDeferredCallbacks->handle()
#40 C:/Users/BASMALA/OneDrive/Desktop/BookNest-Final-RuleBased-AI/booknest/vendor/laravel/framework/src/Illuminate/Http/Middleware/ValidatePathEncoding.php(26): Illuminate/Pipeline/Pipeline->{closure:{closure:Illuminate/Pipeline/Pipeline::carry():194}:195}()
#41 C:/Users/BASMALA/OneDrive/Desktop/BookNest-Final-RuleBased-AI/booknest/vendor/laravel/framework/src/Illuminate/Pipeline/Pipeline.php(219): Illuminate/Http/Middleware/ValidatePathEncoding->handle()
#42 C:/Users/BASMALA/OneDrive/Desktop/BookNest-Final-RuleBased-AI/booknest/vendor/laravel/framework/src/Illuminate/Pipeline/Pipeline.php(137): Illuminate/Pipeline/Pipeline->{closure:{closure:Illuminate/Pipeline/Pipeline::carry():194}:195}()
#43 C:/Users/BASMALA/OneDrive/Desktop/BookNest-Final-RuleBased-AI/booknest/vendor/laravel/framework/src/Illuminate/Foundation/Http/Kernel.php(175): Illuminate/Pipeline/Pipeline->then()
#44 C:/Users/BASMALA/OneDrive/Desktop/BookNest-Final-RuleBased-AI/booknest/vendor/laravel/framework/src/Illuminate/Foundation/Http/Kernel.php(144): Illuminate/Foundation/Http/Kernel->sendRequestThroughRouter()
#45 C:/Users/BASMALA/OneDrive/Desktop/BookNest-Final-RuleBased-AI/booknest/vendor/laravel/framework/src/Illuminate/Foundation/Application.php(1220): Illuminate/Foundation/Http/Kernel->handle()
#46 C:/Users/BASMALA/OneDrive/Desktop/BookNest-Final-RuleBased-AI/booknest/public/index.php(17): Illuminate/Foundation/Application->handleRequest()
#47 C:/Users/BASMALA/OneDrive/Desktop/BookNest-Final-RuleBased-AI/booknest/vendor/laravel/framework/src/Illuminate/Foundation/resources/server.php(23): require_once('...')
#48 {main}
"} 
[2026-09-11 17:26:44] production.ERROR: No application encryption key has been specified. {"exception":"[object] (Illuminate\\Encryption\\MissingAppKeyException(code: 0): No application encryption key has been specified. at C:/Users/BASMALA/OneDrive/Desktop/BookNest-Final-RuleBased-AI/booknest/vendor/laravel/framework/src/Illuminate/Encryption/EncryptionServiceProvider.php:83)
[stacktrace]
#0 C:/Users/BASMALA/OneDrive/Desktop/BookNest-Final-RuleBased-AI/booknest/vendor/laravel/framework/src/Illuminate/Support/helpers.php(393): Illuminate/Encryption/EncryptionServiceProvider->{closure:Illuminate/Encryption/EncryptionServiceProvider::key():81}()
#1 C:/Users/BASMALA/OneDrive/Desktop/BookNest-Final-RuleBased-AI/booknest/vendor/laravel/framework/src/Illuminate/Encryption/EncryptionServiceProvider.php(81): tap()
#2 C:/Users/BASMALA/OneDrive/Desktop/BookNest-Final-RuleBased-AI/booknest/vendor/laravel/framework/src/Illuminate/Encryption/EncryptionServiceProvider.php(64): Illuminate/Encryption/EncryptionServiceProvider->key()
#3 C:/Users/BASMALA/OneDrive/Desktop/BookNest-Final-RuleBased-AI/booknest/vendor/laravel/framework/src/Illuminate/Encryption/EncryptionServiceProvider.php(32): Illuminate/Encryption/EncryptionServiceProvider->parseKey()
#4 C:/Users/BASMALA/OneDrive/Desktop/BookNest-Final-RuleBased-AI/booknest/vendor/laravel/framework/src/Illuminate/Container/Container.php(1115): Illuminate/Encryption/EncryptionServiceProvider->{closure:Illuminate/Encryption/EncryptionServiceProvider::registerEncrypter():29}()
#5 C:/Users/BASMALA/OneDrive/Desktop/BookNest-Final-RuleBased-AI/booknest/vendor/laravel/framework/src/Illuminate/Container/Container.php(933): Illuminate/Container/Container->build()
#6 C:/Users/BASMALA/OneDrive/Desktop/BookNest-Final-RuleBased-AI/booknest/vendor/laravel/framework/src/Illuminate/Foundation/Application.php(1078): Illuminate/Container/Container->resolve()
#7 C:/Users/BASMALA/OneDrive/Desktop/BookNest-Final-RuleBased-AI/booknest/vendor/laravel/framework/src/Illuminate/Container/Container.php(864): Illuminate/Foundation/Application->resolve()
#8 C:/Users/BASMALA/OneDrive/Desktop/BookNest-Final-RuleBased-AI/booknest/vendor/laravel/framework/src/Illuminate/Foundation/Application.php(1058): Illuminate/Container/Container->make()
#9 C:/Users/BASMALA/OneDrive/Desktop/BookNest-Final-RuleBased-AI/booknest/vendor/laravel/framework/src/Illuminate/Container/Container.php(1336): Illuminate/Foundation/Application->make()
#10 C:/Users/BASMALA/OneDrive/Desktop/BookNest-Final-RuleBased-AI/booknest/vendor/laravel/framework/src/Illuminate/Container/Container.php(1237): Illuminate/Container/Container->resolveClass()
#11 C:/Users/BASMALA/OneDrive/Desktop/BookNest-Final-RuleBased-AI/booknest/vendor/laravel/framework/src/Illuminate/Container/Container.php(1162): Illuminate/Container/Container->resolveDependencies()
#12 C:/Users/BASMALA/OneDrive/Desktop/BookNest-Final-RuleBased-AI/booknest/vendor/laravel/framework/src/Illuminate/Container/Container.php(933): Illuminate/Container/Container->build()
#13 C:/Users/BASMALA/OneDrive/Desktop/BookNest-Final-RuleBased-AI/booknest/vendor/laravel/framework/src/Illuminate/Foundation/Application.php(1078): Illuminate/Container/Container->resolve()
#14 C:/Users/BASMALA/OneDrive/Desktop/BookNest-Final-RuleBased-AI/booknest/vendor/laravel/framework/src/Illuminate/Container/Container.php(864): Illuminate/Foundation/Application->resolve()
#15 C:/Users/BASMALA/OneDrive/Desktop/BookNest-Final-RuleBased-AI/booknest/vendor/laravel/framework/src/Illuminate/Foundation/Application.php(1058): Illuminate/Container/Container->make()
#16 C:/Users/BASMALA/OneDrive/Desktop/BookNest-Final-RuleBased-AI/booknest/vendor/laravel/framework/src/Illuminate/Foundation/Http/Kernel.php(257): Illuminate/Foundation/Application->make()
#17 C:/Users/BASMALA/OneDrive/Desktop/BookNest-Final-RuleBased-AI/booknest/vendor/laravel/framework/src/Illuminate/Foundation/Http/Kernel.php(215): Illuminate/Foundation/Http/Kernel->terminateMiddleware()
#18 C:/Users/BASMALA/OneDrive/Desktop/BookNest-Final-RuleBased-AI/booknest/vendor/laravel/framework/src/Illuminate/Foundation/Application.php(1222): Illuminate/Foundation/Http/Kernel->terminate()
#19 C:/Users/BASMALA/OneDrive/Desktop/BookNest-Final-RuleBased-AI/booknest/public/index.php(17): Illuminate/Foundation/Application->handleRequest()
#20 C:/Users/BASMALA/OneDrive/Desktop/BookNest-Final-RuleBased-AI/booknest/vendor/laravel/framework/src/Illuminate/Foundation/resources/server.php(23): require_once('...')
#21 {main}
"} 
[2026-09-11 17:26:46] production.ERROR: No application encryption key has been specified. {"exception":"[object] (Illuminate\\Encryption\\MissingAppKeyException(code: 0): No application encryption key has been specified. at C:/Users/BASMALA/OneDrive/Desktop/BookNest-Final-RuleBased-AI/booknest/vendor/laravel/framework/src/Illuminate/Encryption/EncryptionServiceProvider.php:83)
[stacktrace]
#0 C:/Users/BASMALA/OneDrive/Desktop/BookNest-Final-RuleBased-AI/booknest/vendor/laravel/framework/src/Illuminate/Support/helpers.php(393): Illuminate/Encryption/EncryptionServiceProvider->{closure:Illuminate/Encryption/EncryptionServiceProvider::key():81}()
#1 C:/Users/BASMALA/OneDrive/Desktop/BookNest-Final-RuleBased-AI/booknest/vendor/laravel/framework/src/Illuminate/Encryption/EncryptionServiceProvider.php(81): tap()
#2 C:/Users/BASMALA/OneDrive/Desktop/BookNest-Final-RuleBased-AI/booknest/vendor/laravel/framework/src/Illuminate/Encryption/EncryptionServiceProvider.php(64): Illuminate/Encryption/EncryptionServiceProvider->key()
#3 C:/Users/BASMALA/OneDrive/Desktop/BookNest-Final-RuleBased-AI/booknest/vendor/laravel/framework/src/Illuminate/Encryption/EncryptionServiceProvider.php(32): Illuminate/Encryption/EncryptionServiceProvider->parseKey()
#4 C:/Users/BASMALA/OneDrive/Desktop/BookNest-Final-RuleBased-AI/booknest/vendor/laravel/framework/src/Illuminate/Container/Container.php(1115): Illuminate/Encryption/EncryptionServiceProvider->{closure:Illuminate/Encryption/EncryptionServiceProvider::registerEncrypter():29}()
#5 C:/Users/BASMALA/OneDrive/Desktop/BookNest-Final-RuleBased-AI/booknest/vendor/laravel/framework/src/Illuminate/Container/Container.php(933): Illuminate/Container/Container->build()
#6 C:/Users/BASMALA/OneDrive/Desktop/BookNest-Final-RuleBased-AI/booknest/vendor/laravel/framework/src/Illuminate/Foundation/Application.php(1078): Illuminate/Container/Container->resolve()
#7 C:/Users/BASMALA/OneDrive/Desktop/BookNest-Final-RuleBased-AI/booknest/vendor/laravel/framework/src/Illuminate/Container/Container.php(864): Illuminate/Foundation/Application->resolve()
#8 C:/Users/BASMALA/OneDrive/Desktop/BookNest-Final-RuleBased-AI/booknest/vendor/laravel/framework/src/Illuminate/Foundation/Application.php(1058): Illuminate/Container/Container->make()
#9 C:/Users/BASMALA/OneDrive/Desktop/BookNest-Final-RuleBased-AI/booknest/vendor/laravel/framework/src/Illuminate/Container/Container.php(1336): Illuminate/Foundation/Application->make()
#10 C:/Users/BASMALA/OneDrive/Desktop/BookNest-Final-RuleBased-AI/booknest/vendor/laravel/framework/src/Illuminate/Container/Container.php(1237): Illuminate/Container/Container->resolveClass()
#11 C:/Users/BASMALA/OneDrive/Desktop/BookNest-Final-RuleBased-AI/booknest/vendor/laravel/framework/src/Illuminate/Container/Container.php(1162): Illuminate/Container/Container->resolveDependencies()
#12 C:/Users/BASMALA/OneDrive/Desktop/BookNest-Final-RuleBased-AI/booknest/vendor/laravel/framework/src/Illuminate/Container/Container.php(933): Illuminate/Container/Container->build()
#13 C:/Users/BASMALA/OneDrive/Desktop/BookNest-Final-RuleBased-AI/booknest/vendor/laravel/framework/src/Illuminate/Foundation/Application.php(1078): Illuminate/Container/Container->resolve()
#14 C:/Users/BASMALA/OneDrive/Desktop/BookNest-Final-RuleBased-AI/booknest/vendor/laravel/framework/src/Illuminate/Container/Container.php(864): Illuminate/Foundation/Application->resolve()
#15 C:/Users/BASMALA/OneDrive/Desktop/BookNest-Final-RuleBased-AI/booknest/vendor/laravel/framework/src/Illuminate/Foundation/Application.php(1058): Illuminate/Container/Container->make()
#16 C:/Users/BASMALA/OneDrive/Desktop/BookNest-Final-RuleBased-AI/booknest/vendor/laravel/framework/src/Illuminate/Pipeline/Pipeline.php(208): Illuminate/Foundation/Application->make()
#17 C:/Users/BASMALA/OneDrive/Desktop/BookNest-Final-RuleBased-AI/booknest/vendor/laravel/framework/src/Illuminate/Pipeline/Pipeline.php(137): Illuminate/Pipeline/Pipeline->{closure:{closure:Illuminate/Pipeline/Pipeline::carry():194}:195}()
#18 C:/Users/BASMALA/OneDrive/Desktop/BookNest-Final-RuleBased-AI/booknest/vendor/laravel/framework/src/Illuminate/Routing/Router.php(821): Illuminate/Pipeline/Pipeline->then()
#19 C:/Users/BASMALA/OneDrive/Desktop/BookNest-Final-RuleBased-AI/booknest/vendor/laravel/framework/src/Illuminate/Routing/Router.php(800): Illuminate/Routing/Router->runRouteWithinStack()
#20 C:/Users/BASMALA/OneDrive/Desktop/BookNest-Final-RuleBased-AI/booknest/vendor/laravel/framework/src/Illuminate/Routing/Router.php(764): Illuminate/Routing/Router->runRoute()
#21 C:/Users/BASMALA/OneDrive/Desktop/BookNest-Final-RuleBased-AI/booknest/vendor/laravel/framework/src/Illuminate/Routing/Router.php(753): Illuminate/Routing/Router->dispatchToRoute()
#22 C:/Users/BASMALA/OneDrive/Desktop/BookNest-Final-RuleBased-AI/booknest/vendor/laravel/framework/src/Illuminate/Foundation/Http/Kernel.php(200): Illuminate/Routing/Router->dispatch()
#23 C:/Users/BASMALA/OneDrive/Desktop/BookNest-Final-RuleBased-AI/booknest/vendor/laravel/framework/src/Illuminate/Pipeline/Pipeline.php(180): Illuminate/Foundation/Http/Kernel->{closure:Illuminate/Foundation/Http/Kernel::dispatchToRouter():197}()
#24 C:/Users/BASMALA/OneDrive/Desktop/BookNest-Final-RuleBased-AI/booknest/vendor/laravel/framework/src/Illuminate/Foundation/Http/Middleware/TransformsRequest.php(21): Illuminate/Pipeline/Pipeline->{closure:Illuminate/Pipeline/Pipeline::prepareDestination():178}()
#25 C:/Users/BASMALA/OneDrive/Desktop/BookNest-Final-RuleBased-AI/booknest/vendor/laravel/framework/src/Illuminate/Foundation/Http/Middleware/ConvertEmptyStringsToNull.php(31): Illuminate/Foundation/Http/Middleware/TransformsRequest->handle()
#26 C:/Users/BASMALA/OneDrive/Desktop/BookNest-Final-RuleBased-AI/booknest/vendor/laravel/framework/src/Illuminate/Pipeline/Pipeline.php(219): Illuminate/Foundation/Http/Middleware/ConvertEmptyStringsToNull->handle()
#27 C:/Users/BASMALA/OneDrive/Desktop/BookNest-Final-RuleBased-AI/booknest/vendor/laravel/framework/src/Illuminate/Foundation/Http/Middleware/TransformsRequest.php(21): Illuminate/Pipeline/Pipeline->{closure:{closure:Illuminate/Pipeline/Pipeline::carry():194}:195}()
#28 C:/Users/BASMALA/OneDrive/Desktop/BookNest-Final-RuleBased-AI/booknest/vendor/laravel/framework/src/Illuminate/Foundation/Http/Middleware/TrimStrings.php(51): Illuminate/Foundation/Http/Middleware/TransformsRequest->handle()
#29 C:/Users/BASMALA/OneDrive/Desktop/BookNest-Final-RuleBased-AI/booknest/vendor/laravel/framework/src/Illuminate/Pipeline/Pipeline.php(219): Illuminate/Foundation/Http/Middleware/TrimStrings->handle()
#30 C:/Users/BASMALA/OneDrive/Desktop/BookNest-Final-RuleBased-AI/booknest/vendor/laravel/framework/src/Illuminate/Http/Middleware/ValidatePostSize.php(27): Illuminate/Pipeline/Pipeline->{closure:{closure:Illuminate/Pipeline/Pipeline::carry():194}:195}()
#31 C:/Users/BASMALA/OneDrive/Desktop/BookNest-Final-RuleBased-AI/booknest/vendor/laravel/framework/src/Illuminate/Pipeline/Pipeline.php(219): Illuminate/Http/Middleware/ValidatePostSize->handle()
#32 C:/Users/BASMALA/OneDrive/Desktop/BookNest-Final-RuleBased-AI/booknest/vendor/laravel/framework/src/Illuminate/Foundation/Http/Middleware/PreventRequestsDuringMaintenance.php(109): Illuminate/Pipeline/Pipeline->{closure:{closure:Illuminate/Pipeline/Pipeline::carry():194}:195}()
#33 C:/Users/BASMALA/OneDrive/Desktop/BookNest-Final-RuleBased-AI/booknest/vendor/laravel/framework/src/Illuminate/Pipeline/Pipeline.php(219): Illuminate/Foundation/Http/Middleware/PreventRequestsDuringMaintenance->handle()
#34 C:/Users/BASMALA/OneDrive/Desktop/BookNest-Final-RuleBased-AI/booknest/vendor/laravel/framework/src/Illuminate/Http/Middleware/HandleCors.php(61): Illuminate/Pipeline/Pipeline->{closure:{closure:Illuminate/Pipeline/Pipeline::carry():194}:195}()
#35 C:/Users/BASMALA/OneDrive/Desktop/BookNest-Final-RuleBased-AI/booknest/vendor/laravel/framework/src/Illuminate/Pipeline/Pipeline.php(219): Illuminate/Http/Middleware/HandleCors->handle()
#36 C:/Users/BASMALA/OneDrive/Desktop/BookNest-Final-RuleBased-AI/booknest/vendor/laravel/framework/src/Illuminate/Http/Middleware/TrustProxies.php(58): Illuminate/Pipeline/Pipeline->{closure:{closure:Illuminate/Pipeline/Pipeline::carry():194}:195}()
#37 C:/Users/BASMALA/OneDrive/Desktop/BookNest-Final-RuleBased-AI/booknest/vendor/laravel/framework/src/Illuminate/Pipeline/Pipeline.php(219): Illuminate/Http/Middleware/TrustProxies->handle()
#38 C:/Users/BASMALA/OneDrive/Desktop/BookNest-Final-RuleBased-AI/booknest/vendor/laravel/framework/src/Illuminate/Foundation/Http/Middleware/InvokeDeferredCallbacks.php(22): Illuminate/Pipeline/Pipeline->{closure:{closure:Illuminate/Pipeline/Pipeline::carry():194}:195}()
#39 C:/Users/BASMALA/OneDrive/Desktop/BookNest-Final-RuleBased-AI/booknest/vendor/laravel/framework/src/Illuminate/Pipeline/Pipeline.php(219): Illuminate/Foundation/Http/Middleware/InvokeDeferredCallbacks->handle()
#40 C:/Users/BASMALA/OneDrive/Desktop/BookNest-Final-RuleBased-AI/booknest/vendor/laravel/framework/src/Illuminate/Http/Middleware/ValidatePathEncoding.php(26): Illuminate/Pipeline/Pipeline->{closure:{closure:Illuminate/Pipeline/Pipeline::carry():194}:195}()
#41 C:/Users/BASMALA/OneDrive/Desktop/BookNest-Final-RuleBased-AI/booknest/vendor/laravel/framework/src/Illuminate/Pipeline/Pipeline.php(219): Illuminate/Http/Middleware/ValidatePathEncoding->handle()
#42 C:/Users/BASMALA/OneDrive/Desktop/BookNest-Final-RuleBased-AI/booknest/vendor/laravel/framework/src/Illuminate/Pipeline/Pipeline.php(137): Illuminate/Pipeline/Pipeline->{closure:{closure:Illuminate/Pipeline/Pipeline::carry():194}:195}()
#43 C:/Users/BASMALA/OneDrive/Desktop/BookNest-Final-RuleBased-AI/booknest/vendor/laravel/framework/src/Illuminate/Foundation/Http/Kernel.php(175): Illuminate/Pipeline/Pipeline->then()
#44 C:/Users/BASMALA/OneDrive/Desktop/BookNest-Final-RuleBased-AI/booknest/vendor/laravel/framework/src/Illuminate/Foundation/Http/Kernel.php(144): Illuminate/Foundation/Http/Kernel->sendRequestThroughRouter()
#45 C:/Users/BASMALA/OneDrive/Desktop/BookNest-Final-RuleBased-AI/booknest/vendor/laravel/framework/src/Illuminate/Foundation/Application.php(1220): Illuminate/Foundation/Http/Kernel->handle()
#46 C:/Users/BASMALA/OneDrive/Desktop/BookNest-Final-RuleBased-AI/booknest/public/index.php(17): Illuminate/Foundation/Application->handleRequest()
#47 C:/Users/BASMALA/OneDrive/Desktop/BookNest-Final-RuleBased-AI/booknest/vendor/laravel/framework/src/Illuminate/Foundation/resources/server.php(23): require_once('...')
#48 {main}
"} 
[2026-09-11 17:26:46] production.ERROR: No application encryption key has been specified. {"exception":"[object] (Illuminate\\Encryption\\MissingAppKeyException(code: 0): No application encryption key has been specified. at C:/Users/BASMALA/OneDrive/Desktop/BookNest-Final-RuleBased-AI/booknest/vendor/laravel/framework/src/Illuminate/Encryption/EncryptionServiceProvider.php:83)
[stacktrace]
#0 C:/Users/BASMALA/OneDrive/Desktop/BookNest-Final-RuleBased-AI/booknest/vendor/laravel/framework/src/Illuminate/Support/helpers.php(393): Illuminate/Encryption/EncryptionServiceProvider->{closure:Illuminate/Encryption/EncryptionServiceProvider::key():81}()
#1 C:/Users/BASMALA/OneDrive/Desktop/BookNest-Final-RuleBased-AI/booknest/vendor/laravel/framework/src/Illuminate/Encryption/EncryptionServiceProvider.php(81): tap()
#2 C:/Users/BASMALA/OneDrive/Desktop/BookNest-Final-RuleBased-AI/booknest/vendor/laravel/framework/src/Illuminate/Encryption/EncryptionServiceProvider.php(64): Illuminate/Encryption/EncryptionServiceProvider->key()
#3 C:/Users/BASMALA/OneDrive/Desktop/BookNest-Final-RuleBased-AI/booknest/vendor/laravel/framework/src/Illuminate/Encryption/EncryptionServiceProvider.php(32): Illuminate/Encryption/EncryptionServiceProvider->parseKey()
#4 C:/Users/BASMALA/OneDrive/Desktop/BookNest-Final-RuleBased-AI/booknest/vendor/laravel/framework/src/Illuminate/Container/Container.php(1115): Illuminate/Encryption/EncryptionServiceProvider->{closure:Illuminate/Encryption/EncryptionServiceProvider::registerEncrypter():29}()
#5 C:/Users/BASMALA/OneDrive/Desktop/BookNest-Final-RuleBased-AI/booknest/vendor/laravel/framework/src/Illuminate/Container/Container.php(933): Illuminate/Container/Container->build()
#6 C:/Users/BASMALA/OneDrive/Desktop/BookNest-Final-RuleBased-AI/booknest/vendor/laravel/framework/src/Illuminate/Foundation/Application.php(1078): Illuminate/Container/Container->resolve()
#7 C:/Users/BASMALA/OneDrive/Desktop/BookNest-Final-RuleBased-AI/booknest/vendor/laravel/framework/src/Illuminate/Container/Container.php(864): Illuminate/Foundation/Application->resolve()
#8 C:/Users/BASMALA/OneDrive/Desktop/BookNest-Final-RuleBased-AI/booknest/vendor/laravel/framework/src/Illuminate/Foundation/Application.php(1058): Illuminate/Container/Container->make()
#9 C:/Users/BASMALA/OneDrive/Desktop/BookNest-Final-RuleBased-AI/booknest/vendor/laravel/framework/src/Illuminate/Container/Container.php(1336): Illuminate/Foundation/Application->make()
#10 C:/Users/BASMALA/OneDrive/Desktop/BookNest-Final-RuleBased-AI/booknest/vendor/laravel/framework/src/Illuminate/Container/Container.php(1237): Illuminate/Container/Container->resolveClass()
#11 C:/Users/BASMALA/OneDrive/Desktop/BookNest-Final-RuleBased-AI/booknest/vendor/laravel/framework/src/Illuminate/Container/Container.php(1162): Illuminate/Container/Container->resolveDependencies()
#12 C:/Users/BASMALA/OneDrive/Desktop/BookNest-Final-RuleBased-AI/booknest/vendor/laravel/framework/src/Illuminate/Container/Container.php(933): Illuminate/Container/Container->build()
#13 C:/Users/BASMALA/OneDrive/Desktop/BookNest-Final-RuleBased-AI/booknest/vendor/laravel/framework/src/Illuminate/Foundation/Application.php(1078): Illuminate/Container/Container->resolve()
#14 C:/Users/BASMALA/OneDrive/Desktop/BookNest-Final-RuleBased-AI/booknest/vendor/laravel/framework/src/Illuminate/Container/Container.php(864): Illuminate/Foundation/Application->resolve()
#15 C:/Users/BASMALA/OneDrive/Desktop/BookNest-Final-RuleBased-AI/booknest/vendor/laravel/framework/src/Illuminate/Foundation/Application.php(1058): Illuminate/Container/Container->make()
#16 C:/Users/BASMALA/OneDrive/Desktop/BookNest-Final-RuleBased-AI/booknest/vendor/laravel/framework/src/Illuminate/Foundation/Http/Kernel.php(257): Illuminate/Foundation/Application->make()
#17 C:/Users/BASMALA/OneDrive/Desktop/BookNest-Final-RuleBased-AI/booknest/vendor/laravel/framework/src/Illuminate/Foundation/Http/Kernel.php(215): Illuminate/Foundation/Http/Kernel->terminateMiddleware()
#18 C:/Users/BASMALA/OneDrive/Desktop/BookNest-Final-RuleBased-AI/booknest/vendor/laravel/framework/src/Illuminate/Foundation/Application.php(1222): Illuminate/Foundation/Http/Kernel->terminate()
#19 C:/Users/BASMALA/OneDrive/Desktop/BookNest-Final-RuleBased-AI/booknest/public/index.php(17): Illuminate/Foundation/Application->handleRequest()
#20 C:/Users/BASMALA/OneDrive/Desktop/BookNest-Final-RuleBased-AI/booknest/vendor/laravel/framework/src/Illuminate/Foundation/resources/server.php(23): require_once('...')
#21 {main}
"} 
[2026-09-11 17:29:52] local.ERROR: No application encryption key has been specified. {"exception":"[object] (Illuminate\\Encryption\\MissingAppKeyException(code: 0): No application encryption key has been specified. at C:/Users/BASMALA/OneDrive/Desktop/BookNest-Final-RuleBased-AI/booknest/vendor/laravel/framework/src/Illuminate/Encryption/EncryptionServiceProvider.php:83)
[stacktrace]
#0 C:/Users/BASMALA/OneDrive/Desktop/BookNest-Final-RuleBased-AI/booknest/vendor/laravel/framework/src/Illuminate/Support/helpers.php(393): Illuminate/Encryption/EncryptionServiceProvider->{closure:Illuminate/Encryption/EncryptionServiceProvider::key():81}()
#1 C:/Users/BASMALA/OneDrive/Desktop/BookNest-Final-RuleBased-AI/booknest/vendor/laravel/framework/src/Illuminate/Encryption/EncryptionServiceProvider.php(81): tap()
#2 C:/Users/BASMALA/OneDrive/Desktop/BookNest-Final-RuleBased-AI/booknest/vendor/laravel/framework/src/Illuminate/Encryption/EncryptionServiceProvider.php(64): Illuminate/Encryption/EncryptionServiceProvider->key()
#3 C:/Users/BASMALA/OneDrive/Desktop/BookNest-Final-RuleBased-AI/booknest/vendor/laravel/framework/src/Illuminate/Encryption/EncryptionServiceProvider.php(32): Illuminate/Encryption/EncryptionServiceProvider->parseKey()
#4 C:/Users/BASMALA/OneDrive/Desktop/BookNest-Final-RuleBased-AI/booknest/vendor/laravel/framework/src/Illuminate/Container/Container.php(1115): Illuminate/Encryption/EncryptionServiceProvider->{closure:Illuminate/Encryption/EncryptionServiceProvider::registerEncrypter():29}()
#5 C:/Users/BASMALA/OneDrive/Desktop/BookNest-Final-RuleBased-AI/booknest/vendor/laravel/framework/src/Illuminate/Container/Container.php(933): Illuminate/Container/Container->build()
#6 C:/Users/BASMALA/OneDrive/Desktop/BookNest-Final-RuleBased-AI/booknest/vendor/laravel/framework/src/Illuminate/Foundation/Application.php(1078): Illuminate/Container/Container->resolve()
#7 C:/Users/BASMALA/OneDrive/Desktop/BookNest-Final-RuleBased-AI/booknest/vendor/laravel/framework/src/Illuminate/Container/Container.php(864): Illuminate/Foundation/Application->resolve()
#8 C:/Users/BASMALA/OneDrive/Desktop/BookNest-Final-RuleBased-AI/booknest/vendor/laravel/framework/src/Illuminate/Foundation/Application.php(1058): Illuminate/Container/Container->make()
#9 C:/Users/BASMALA/OneDrive/Desktop/BookNest-Final-RuleBased-AI/booknest/vendor/laravel/framework/src/Illuminate/Container/Container.php(1336): Illuminate/Foundation/Application->make()
#10 C:/Users/BASMALA/OneDrive/Desktop/BookNest-Final-RuleBased-AI/booknest/vendor/laravel/framework/src/Illuminate/Container/Container.php(1237): Illuminate/Container/Container->resolveClass()
#11 C:/Users/BASMALA/OneDrive/Desktop/BookNest-Final-RuleBased-AI/booknest/vendor/laravel/framework/src/Illuminate/Container/Container.php(1162): Illuminate/Container/Container->resolveDependencies()
#12 C:/Users/BASMALA/OneDrive/Desktop/BookNest-Final-RuleBased-AI/booknest/vendor/laravel/framework/src/Illuminate/Container/Container.php(933): Illuminate/Container/Container->build()
#13 C:/Users/BASMALA/OneDrive/Desktop/BookNest-Final-RuleBased-AI/booknest/vendor/laravel/framework/src/Illuminate/Foundation/Application.php(1078): Illuminate/Container/Container->resolve()
#14 C:/Users/BASMALA/OneDrive/Desktop/BookNest-Final-RuleBased-AI/booknest/vendor/laravel/framework/src/Illuminate/Container/Container.php(864): Illuminate/Foundation/Application->resolve()
#15 C:/Users/BASMALA/OneDrive/Desktop/BookNest-Final-RuleBased-AI/booknest/vendor/laravel/framework/src/Illuminate/Foundation/Application.php(1058): Illuminate/Container/Container->make()
#16 C:/Users/BASMALA/OneDrive/Desktop/BookNest-Final-RuleBased-AI/booknest/vendor/laravel/framework/src/Illuminate/Pipeline/Pipeline.php(208): Illuminate/Foundation/Application->make()
#17 C:/Users/BASMALA/OneDrive/Desktop/BookNest-Final-RuleBased-AI/booknest/vendor/laravel/framework/src/Illuminate/Pipeline/Pipeline.php(137): Illuminate/Pipeline/Pipeline->{closure:{closure:Illuminate/Pipeline/Pipeline::carry():194}:195}()
#18 C:/Users/BASMALA/OneDrive/Desktop/BookNest-Final-RuleBased-AI/booknest/vendor/laravel/framework/src/Illuminate/Routing/Router.php(821): Illuminate/Pipeline/Pipeline->then()
#19 C:/Users/BASMALA/OneDrive/Desktop/BookNest-Final-RuleBased-AI/booknest/vendor/laravel/framework/src/Illuminate/Routing/Router.php(800): Illuminate/Routing/Router->runRouteWithinStack()
#20 C:/Users/BASMALA/OneDrive/Desktop/BookNest-Final-RuleBased-AI/booknest/vendor/laravel/framework/src/Illuminate/Routing/Router.php(764): Illuminate/Routing/Router->runRoute()
#21 C:/Users/BASMALA/OneDrive/Desktop/BookNest-Final-RuleBased-AI/booknest/vendor/laravel/framework/src/Illuminate/Routing/Router.php(753): Illuminate/Routing/Router->dispatchToRoute()
#22 C:/Users/BASMALA/OneDrive/Desktop/BookNest-Final-RuleBased-AI/booknest/vendor/laravel/framework/src/Illuminate/Foundation/Http/Kernel.php(200): Illuminate/Routing/Router->dispatch()
#23 C:/Users/BASMALA/OneDrive/Desktop/BookNest-Final-RuleBased-AI/booknest/vendor/laravel/framework/src/Illuminate/Pipeline/Pipeline.php(180): Illuminate/Foundation/Http/Kernel->{closure:Illuminate/Foundation/Http/Kernel::dispatchToRouter():197}()
#24 C:/Users/BASMALA/OneDrive/Desktop/BookNest-Final-RuleBased-AI/booknest/vendor/laravel/framework/src/Illuminate/Foundation/Http/Middleware/TransformsRequest.php(21): Illuminate/Pipeline/Pipeline->{closure:Illuminate/Pipeline/Pipeline::prepareDestination():178}()
#25 C:/Users/BASMALA/OneDrive/Desktop/BookNest-Final-RuleBased-AI/booknest/vendor/laravel/framework/src/Illuminate/Foundation/Http/Middleware/ConvertEmptyStringsToNull.php(31): Illuminate/Foundation/Http/Middleware/TransformsRequest->handle()
#26 C:/Users/BASMALA/OneDrive/Desktop/BookNest-Final-RuleBased-AI/booknest/vendor/laravel/framework/src/Illuminate/Pipeline/Pipeline.php(219): Illuminate/Foundation/Http/Middleware/ConvertEmptyStringsToNull->handle()
#27 C:/Users/BASMALA/OneDrive/Desktop/BookNest-Final-RuleBased-AI/booknest/vendor/laravel/framework/src/Illuminate/Foundation/Http/Middleware/TransformsRequest.php(21): Illuminate/Pipeline/Pipeline->{closure:{closure:Illuminate/Pipeline/Pipeline::carry():194}:195}()
#28 C:/Users/BASMALA/OneDrive/Desktop/BookNest-Final-RuleBased-AI/booknest/vendor/laravel/framework/src/Illuminate/Foundation/Http/Middleware/TrimStrings.php(51): Illuminate/Foundation/Http/Middleware/TransformsRequest->handle()
#29 C:/Users/BASMALA/OneDrive/Desktop/BookNest-Final-RuleBased-AI/booknest/vendor/laravel/framework/src/Illuminate/Pipeline/Pipeline.php(219): Illuminate/Foundation/Http/Middleware/TrimStrings->handle()
#30 C:/Users/BASMALA/OneDrive/Desktop/BookNest-Final-RuleBased-AI/booknest/vendor/laravel/framework/src/Illuminate/Http/Middleware/ValidatePostSize.php(27): Illuminate/Pipeline/Pipeline->{closure:{closure:Illuminate/Pipeline/Pipeline::carry():194}:195}()
#31 C:/Users/BASMALA/OneDrive/Desktop/BookNest-Final-RuleBased-AI/booknest/vendor/laravel/framework/src/Illuminate/Pipeline/Pipeline.php(219): Illuminate/Http/Middleware/ValidatePostSize->handle()
#32 C:/Users/BASMALA/OneDrive/Desktop/BookNest-Final-RuleBased-AI/booknest/vendor/laravel/framework/src/Illuminate/Foundation/Http/Middleware/PreventRequestsDuringMaintenance.php(109): Illuminate/Pipeline/Pipeline->{closure:{closure:Illuminate/Pipeline/Pipeline::carry():194}:195}()
#33 C:/Users/BASMALA/OneDrive/Desktop/BookNest-Final-RuleBased-AI/booknest/vendor/laravel/framework/src/Illuminate/Pipeline/Pipeline.php(219): Illuminate/Foundation/Http/Middleware/PreventRequestsDuringMaintenance->handle()
#34 C:/Users/BASMALA/OneDrive/Desktop/BookNest-Final-RuleBased-AI/booknest/vendor/laravel/framework/src/Illuminate/Http/Middleware/HandleCors.php(61): Illuminate/Pipeline/Pipeline->{closure:{closure:Illuminate/Pipeline/Pipeline::carry():194}:195}()
#35 C:/Users/BASMALA/OneDrive/Desktop/BookNest-Final-RuleBased-AI/booknest/vendor/laravel/framework/src/Illuminate/Pipeline/Pipeline.php(219): Illuminate/Http/Middleware/HandleCors->handle()
#36 C:/Users/BASMALA/OneDrive/Desktop/BookNest-Final-RuleBased-AI/booknest/vendor/laravel/framework/src/Illuminate/Http/Middleware/TrustProxies.php(58): Illuminate/Pipeline/Pipeline->{closure:{closure:Illuminate/Pipeline/Pipeline::carry():194}:195}()
#37 C:/Users/BASMALA/OneDrive/Desktop/BookNest-Final-RuleBased-AI/booknest/vendor/laravel/framework/src/Illuminate/Pipeline/Pipeline.php(219): Illuminate/Http/Middleware/TrustProxies->handle()
#38 C:/Users/BASMALA/OneDrive/Desktop/BookNest-Final-RuleBased-AI/booknest/vendor/laravel/framework/src/Illuminate/Foundation/Http/Middleware/InvokeDeferredCallbacks.php(22): Illuminate/Pipeline/Pipeline->{closure:{closure:Illuminate/Pipeline/Pipeline::carry():194}:195}()
#39 C:/Users/BASMALA/OneDrive/Desktop/BookNest-Final-RuleBased-AI/booknest/vendor/laravel/framework/src/Illuminate/Pipeline/Pipeline.php(219): Illuminate/Foundation/Http/Middleware/InvokeDeferredCallbacks->handle()
#40 C:/Users/BASMALA/OneDrive/Desktop/BookNest-Final-RuleBased-AI/booknest/vendor/laravel/framework/src/Illuminate/Http/Middleware/ValidatePathEncoding.php(26): Illuminate/Pipeline/Pipeline->{closure:{closure:Illuminate/Pipeline/Pipeline::carry():194}:195}()
#41 C:/Users/BASMALA/OneDrive/Desktop/BookNest-Final-RuleBased-AI/booknest/vendor/laravel/framework/src/Illuminate/Pipeline/Pipeline.php(219): Illuminate/Http/Middleware/ValidatePathEncoding->handle()
#42 C:/Users/BASMALA/OneDrive/Desktop/BookNest-Final-RuleBased-AI/booknest/vendor/laravel/framework/src/Illuminate/Pipeline/Pipeline.php(137): Illuminate/Pipeline/Pipeline->{closure:{closure:Illuminate/Pipeline/Pipeline::carry():194}:195}()
#43 C:/Users/BASMALA/OneDrive/Desktop/BookNest-Final-RuleBased-AI/booknest/vendor/laravel/framework/src/Illuminate/Foundation/Http/Kernel.php(175): Illuminate/Pipeline/Pipeline->then()
#44 C:/Users/BASMALA/OneDrive/Desktop/BookNest-Final-RuleBased-AI/booknest/vendor/laravel/framework/src/Illuminate/Foundation/Http/Kernel.php(144): Illuminate/Foundation/Http/Kernel->sendRequestThroughRouter()
#45 C:/Users/BASMALA/OneDrive/Desktop/BookNest-Final-RuleBased-AI/booknest/vendor/laravel/framework/src/Illuminate/Foundation/Application.php(1220): Illuminate/Foundation/Http/Kernel->handle()
#46 C:/Users/BASMALA/OneDrive/Desktop/BookNest-Final-RuleBased-AI/booknest/public/index.php(17): Illuminate/Foundation/Application->handleRequest()
#47 C:/Users/BASMALA/OneDrive/Desktop/BookNest-Final-RuleBased-AI/booknest/vendor/laravel/framework/src/Illuminate/Foundation/resources/server.php(23): require_once('...')
#48 {main}
"} 
[2026-09-11 17:30:06] local.ERROR: No application encryption key has been specified. {"exception":"[object] (Illuminate\\Encryption\\MissingAppKeyException(code: 0): No application encryption key has been specified. at C:/Users/BASMALA/OneDrive/Desktop/BookNest-Final-RuleBased-AI/booknest/vendor/laravel/framework/src/Illuminate/Encryption/EncryptionServiceProvider.php:83)
[stacktrace]
#0 C:/Users/BASMALA/OneDrive/Desktop/BookNest-Final-RuleBased-AI/booknest/vendor/laravel/framework/src/Illuminate/Support/helpers.php(393): Illuminate/Encryption/EncryptionServiceProvider->{closure:Illuminate/Encryption/EncryptionServiceProvider::key():81}()
#1 C:/Users/BASMALA/OneDrive/Desktop/BookNest-Final-RuleBased-AI/booknest/vendor/laravel/framework/src/Illuminate/Encryption/EncryptionServiceProvider.php(81): tap()
#2 C:/Users/BASMALA/OneDrive/Desktop/BookNest-Final-RuleBased-AI/booknest/vendor/laravel/framework/src/Illuminate/Encryption/EncryptionServiceProvider.php(64): Illuminate/Encryption/EncryptionServiceProvider->key()
#3 C:/Users/BASMALA/OneDrive/Desktop/BookNest-Final-RuleBased-AI/booknest/vendor/laravel/framework/src/Illuminate/Encryption/EncryptionServiceProvider.php(32): Illuminate/Encryption/EncryptionServiceProvider->parseKey()
#4 C:/Users/BASMALA/OneDrive/Desktop/BookNest-Final-RuleBased-AI/booknest/vendor/laravel/framework/src/Illuminate/Container/Container.php(1115): Illuminate/Encryption/EncryptionServiceProvider->{closure:Illuminate/Encryption/EncryptionServiceProvider::registerEncrypter():29}()
#5 C:/Users/BASMALA/OneDrive/Desktop/BookNest-Final-RuleBased-AI/booknest/vendor/laravel/framework/src/Illuminate/Container/Container.php(933): Illuminate/Container/Container->build()
#6 C:/Users/BASMALA/OneDrive/Desktop/BookNest-Final-RuleBased-AI/booknest/vendor/laravel/framework/src/Illuminate/Foundation/Application.php(1078): Illuminate/Container/Container->resolve()
#7 C:/Users/BASMALA/OneDrive/Desktop/BookNest-Final-RuleBased-AI/booknest/vendor/laravel/framework/src/Illuminate/Container/Container.php(864): Illuminate/Foundation/Application->resolve()
#8 C:/Users/BASMALA/OneDrive/Desktop/BookNest-Final-RuleBased-AI/booknest/vendor/laravel/framework/src/Illuminate/Foundation/Application.php(1058): Illuminate/Container/Container->make()
#9 C:/Users/BASMALA/OneDrive/Desktop/BookNest-Final-RuleBased-AI/booknest/vendor/laravel/framework/src/Illuminate/Container/Container.php(1336): Illuminate/Foundation/Application->make()
#10 C:/Users/BASMALA/OneDrive/Desktop/BookNest-Final-RuleBased-AI/booknest/vendor/laravel/framework/src/Illuminate/Container/Container.php(1237): Illuminate/Container/Container->resolveClass()
#11 C:/Users/BASMALA/OneDrive/Desktop/BookNest-Final-RuleBased-AI/booknest/vendor/laravel/framework/src/Illuminate/Container/Container.php(1162): Illuminate/Container/Container->resolveDependencies()
#12 C:/Users/BASMALA/OneDrive/Desktop/BookNest-Final-RuleBased-AI/booknest/vendor/laravel/framework/src/Illuminate/Container/Container.php(933): Illuminate/Container/Container->build()
#13 C:/Users/BASMALA/OneDrive/Desktop/BookNest-Final-RuleBased-AI/booknest/vendor/laravel/framework/src/Illuminate/Foundation/Application.php(1078): Illuminate/Container/Container->resolve()
#14 C:/Users/BASMALA/OneDrive/Desktop/BookNest-Final-RuleBased-AI/booknest/vendor/laravel/framework/src/Illuminate/Container/Container.php(864): Illuminate/Foundation/Application->resolve()
#15 C:/Users/BASMALA/OneDrive/Desktop/BookNest-Final-RuleBased-AI/booknest/vendor/laravel/framework/src/Illuminate/Foundation/Application.php(1058): Illuminate/Container/Container->make()
#16 C:/Users/BASMALA/OneDrive/Desktop/BookNest-Final-RuleBased-AI/booknest/vendor/laravel/framework/src/Illuminate/Foundation/Http/Kernel.php(257): Illuminate/Foundation/Application->make()
#17 C:/Users/BASMALA/OneDrive/Desktop/BookNest-Final-RuleBased-AI/booknest/vendor/laravel/framework/src/Illuminate/Foundation/Http/Kernel.php(215): Illuminate/Foundation/Http/Kernel->terminateMiddleware()
#18 C:/Users/BASMALA/OneDrive/Desktop/BookNest-Final-RuleBased-AI/booknest/vendor/laravel/framework/src/Illuminate/Foundation/Application.php(1222): Illuminate/Foundation/Http/Kernel->terminate()
#19 C:/Users/BASMALA/OneDrive/Desktop/BookNest-Final-RuleBased-AI/booknest/public/index.php(17): Illuminate/Foundation/Application->handleRequest()
#20 C:/Users/BASMALA/OneDrive/Desktop/BookNest-Final-RuleBased-AI/booknest/vendor/laravel/framework/src/Illuminate/Foundation/resources/server.php(23): require_once('...')
#21 {main}
"} 
